Component: ARM Compiler 5.06 update 5 (build 528) Tool: armlink [4d35e2]

==============================================================================

Section Cross References

    startup_stm32f103xe.o(RESET) refers to startup_stm32f103xe.o(STACK) for __initial_sp
    startup_stm32f103xe.o(RESET) refers to startup_stm32f103xe.o(.text) for Reset_Handler
    startup_stm32f103xe.o(RESET) refers to stm32f1xx_it.o(i.NMI_Handler) for NMI_Handler
    startup_stm32f103xe.o(RESET) refers to stm32f1xx_it.o(i.HardFault_Handler) for HardFault_Handler
    startup_stm32f103xe.o(RESET) refers to stm32f1xx_it.o(i.MemManage_Handler) for MemManage_Handler
    startup_stm32f103xe.o(RESET) refers to stm32f1xx_it.o(i.BusFault_Handler) for BusFault_Handler
    startup_stm32f103xe.o(RESET) refers to stm32f1xx_it.o(i.UsageFault_Handler) for UsageFault_Handler
    startup_stm32f103xe.o(RESET) refers to stm32f1xx_it.o(i.SVC_Handler) for SVC_Handler
    startup_stm32f103xe.o(RESET) refers to stm32f1xx_it.o(i.DebugMon_Handler) for DebugMon_Handler
    startup_stm32f103xe.o(RESET) refers to stm32f1xx_it.o(i.PendSV_Handler) for PendSV_Handler
    startup_stm32f103xe.o(RESET) refers to stm32f1xx_it.o(i.SysTick_Handler) for SysTick_Handler
    startup_stm32f103xe.o(RESET) refers to usmart_port.o(i.TIM4_IRQHandler) for TIM4_IRQHandler
    startup_stm32f103xe.o(RESET) refers to usart.o(i.USART1_IRQHandler) for USART1_IRQHandler
    startup_stm32f103xe.o(RESET) refers to usart.o(i.USART2_IRQHandler) for USART2_IRQHandler
    startup_stm32f103xe.o(RESET) refers to usart.o(i.USART3_IRQHandler) for USART3_IRQHandler
    startup_stm32f103xe.o(.text) refers to system_stm32f1xx.o(i.SystemInit) for SystemInit
    startup_stm32f103xe.o(.text) refers to entry.o(.ARM.Collect$$$$00000000) for __main
    main.o(i.handle_KEY1_press) refers to ff.o(i.f_close) for f_close
    main.o(i.handle_KEY1_press) refers to lcd.o(i.lcd_show_string) for lcd_show_string
    main.o(i.handle_KEY1_press) refers to printf8.o(i.__0printf$8) for __2printf
    main.o(i.handle_KEY1_press) refers to main.o(i.write_file_count_to_sd) for write_file_count_to_sd
    main.o(i.handle_KEY1_press) refers to main.o(i.update_tds_display) for update_tds_display
    main.o(i.handle_KEY1_press) refers to main.o(.bss) for fil
    main.o(i.handle_KEY1_press) refers to main.o(.data) for recording
    main.o(i.main) refers to stm32f1xx_hal.o(i.HAL_Init) for HAL_Init
    main.o(i.main) refers to sys.o(i.sys_stm32_clock_init) for sys_stm32_clock_init
    main.o(i.main) refers to delay.o(i.delay_init) for delay_init
    main.o(i.main) refers to usart.o(i.usart_init) for usart_init
    main.o(i.main) refers to usart.o(i.uart2_init) for uart2_init
    main.o(i.main) refers to usart.o(i.uart3_init) for uart3_init
    main.o(i.main) refers to led.o(i.led_init) for led_init
    main.o(i.main) refers to lcd.o(i.lcd_init) for lcd_init
    main.o(i.main) refers to key.o(i.key_init) for key_init
    main.o(i.main) refers to malloc.o(i.my_mem_init) for my_mem_init
    main.o(i.main) refers to lcd.o(i.lcd_show_string) for lcd_show_string
    main.o(i.main) refers to delay.o(i.delay_ms) for delay_ms
    main.o(i.main) refers to stm32f1xx_hal_gpio.o(i.HAL_GPIO_TogglePin) for HAL_GPIO_TogglePin
    main.o(i.main) refers to sdio_sdcard.o(i.sd_init) for sd_init
    main.o(i.main) refers to exfuns.o(i.exfuns_init) for exfuns_init
    main.o(i.main) refers to ff.o(i.f_mount) for f_mount
    main.o(i.main) refers to ff.o(i.f_mkfs) for f_mkfs
    main.o(i.main) refers to ff.o(i.f_setlabel) for f_setlabel
    main.o(i.main) refers to lcd.o(i.lcd_fill) for lcd_fill
    main.o(i.main) refers to exfuns.o(i.exfuns_get_free) for exfuns_get_free
    main.o(i.main) refers to lcd.o(i.lcd_show_num) for lcd_show_num
    main.o(i.main) refers to main.o(i.read_file_count_from_sd) for read_file_count_from_sd
    main.o(i.main) refers to usart.o(i.UART2_SendData) for UART2_SendData
    main.o(i.main) refers to usart.o(i.UART3_SendData) for UART3_SendData
    main.o(i.main) refers to usart.o(i.Serial2_ParseData) for Serial2_ParseData
    main.o(i.main) refers to usart.o(i.Serial3_ParseData) for Serial3_ParseData
    main.o(i.main) refers to printf8.o(i.__0printf$8) for __2printf
    main.o(i.main) refers to key.o(i.key_scan) for key_scan
    main.o(i.main) refers to printf8.o(i.__0sprintf$8) for __2sprintf
    main.o(i.main) refers to ff.o(i.f_open) for f_open
    main.o(i.main) refers to main.o(i.handle_KEY1_press) for handle_KEY1_press
    main.o(i.main) refers to strlen.o(.text) for strlen
    main.o(i.main) refers to ff.o(i.f_write) for f_write
    main.o(i.main) refers to ff.o(i.f_close) for f_close
    main.o(i.main) refers to usmart_config.o(.data) for usmart_dev
    main.o(i.main) refers to exfuns.o(.data) for fs
    main.o(i.main) refers to usart.o(.data) for S2data
    main.o(i.main) refers to main.o(.data) for recording
    main.o(i.main) refers to main.o(.bss) for file_name
[...]
    _printf_p                                0x00000000   Number         0  stubs.o ABSOLUTE
    _printf_percent                          0x00000000   Number         0  stubs.o ABSOLUTE
    _printf_pre_padding                      0x00000000   Number         0  stubs.o ABSOLUTE
    _printf_return_value                     0x00000000   Number         0  stubs.o ABSOLUTE
    _printf_s                                0x00000000   Number         0  stubs.o ABSOLUTE
    _printf_sizespec                         0x00000000   Number         0  stubs.o ABSOLUTE
    _printf_str                              0x00000000   Number         0  stubs.o ABSOLUTE
    _printf_truncate_signed                  0x00000000   Number         0  stubs.o ABSOLUTE
    _printf_truncate_unsigned                0x00000000   Number         0  stubs.o ABSOLUTE
    _printf_u                                0x00000000   Number         0  stubs.o ABSOLUTE
    _printf_wc                               0x00000000   Number         0  stubs.o ABSOLUTE
    _printf_wctomb                           0x00000000   Number         0  stubs.o ABSOLUTE
    _printf_widthprec                        0x00000000   Number         0  stubs.o ABSOLUTE
    _printf_x                                0x00000000   Number         0  stubs.o ABSOLUTE
    __cpp_initialize__aeabi_                  - Undefined Weak Reference
    __cxa_finalize                            - Undefined Weak Reference
    _clock_init                               - Undefined Weak Reference
    _microlib_exit                            - Undefined Weak Reference
    __Vectors_Size                           0x00000130   Number         0  startup_stm32f103xe.o ABSOLUTE
    __Vectors                                0x08000000   Data           4  startup_stm32f103xe.o(RESET)
    __Vectors_End                            0x08000130   Data           0  startup_stm32f103xe.o(RESET)
    __main                                   0x08000131   Thumb Code     0  entry.o(.ARM.Collect$$$$00000000)
    _main_stk                                0x08000131   Thumb Code     0  entry2.o(.ARM.Collect$$$$00000001)
    _main_scatterload                        0x08000135   Thumb Code     0  entry5.o(.ARM.Collect$$$$00000004)
    __main_after_scatterload                 0x08000139   Thumb Code     0  entry5.o(.ARM.Collect$$$$00000004)
    _main_clock                              0x08000139   Thumb Code     0  entry7b.o(.ARM.Collect$$$$00000008)
    _main_cpp_init                           0x08000139   Thumb Code     0  entry8b.o(.ARM.Collect$$$$0000000A)
    _main_init                               0x08000139   Thumb Code     0  entry9a.o(.ARM.Collect$$$$0000000B)
    __rt_final_cpp                           0x08000141   Thumb Code     0  entry10a.o(.ARM.Collect$$$$0000000D)
    __rt_final_exit                          0x08000141   Thumb Code     0  entry11a.o(.ARM.Collect$$$$0000000F)
    Reset_Handler                            0x08000145   Thumb Code     8  startup_stm32f103xe.o(.text)
    ADC1_2_IRQHandler                        0x0800015f   Thumb Code     0  startup_stm32f103xe.o(.text)
    ADC3_IRQHandler                          0x0800015f   Thumb Code     0  startup_stm32f103xe.o(.text)
    CAN1_RX1_IRQHandler                      0x0800015f   Thumb Code     0  startup_stm32f103xe.o(.text)
    CAN1_SCE_IRQHandler                      0x0800015f   Thumb Code     0  startup_stm32f103xe.o(.text)
    DMA1_Channel1_IRQHandler                 0x0800015f   Thumb Code     0  startup_stm32f103xe.o(.text)
    DMA1_Channel2_IRQHandler                 0x0800015f   Thumb Code     0  startup_stm32f103xe.o(.text)
    DMA1_Channel3_IRQHandler                 0x0800015f   Thumb Code     0  startup_stm32f103xe.o(.text)
    DMA1_Channel4_IRQHandler                 0x0800015f   Thumb Code     0  startup_stm32f103xe.o(.text)
    DMA1_Channel5_IRQHandler                 0x0800015f   Thumb Code     0  startup_stm32f103xe.o(.text)
    DMA1_Channel6_IRQHandler                 0x0800015f   Thumb Code     0  startup_stm32f103xe.o(.text)
    DMA1_Channel7_IRQHandler                 0x0800015f   Thumb Code     0  startup_stm32f103xe.o(.text)
    DMA2_Channel1_IRQHandler                 0x0800015f   Thumb Code     0  startup_stm32f103xe.o(.text)
    DMA2_Channel2_IRQHandler                 0x0800015f   Thumb Code     0  startup_stm32f103xe.o(.text)
    DMA2_Channel3_IRQHandler                 0x0800015f   Thumb Code     0  startup_stm32f103xe.o(.text)
    DMA2_Channel4_5_IRQHandler               0x0800015f   Thumb Code     0  startup_stm32f103xe.o(.text)
    EXTI0_IRQHandler                         0x0800015f   Thumb Code     0  startup_stm32f103xe.o(.text)
    EXTI15_10_IRQHandler                     0x0800015f   Thumb Code     0  startup_stm32f103xe.o(.text)
    EXTI1_IRQHandler                         0x0800015f   Thumb Code     0  startup_stm32f103xe.o(.text)
    EXTI2_IRQHandler                         0x0800015f   Thumb Code     0  startup_stm32f103xe.o(.text)
    EXTI3_IRQHandler                         0x0800015f   Thumb Code     0  startup_stm32f103xe.o(.text)
    EXTI4_IRQHandler                         0x0800015f   Thumb Code     0  startup_stm32f103xe.o(.text)
    EXTI9_5_IRQHandler                       0x0800015f   Thumb Code     0  startup_stm32f103xe.o(.text)
    FLASH_IRQHandler                         0x0800015f   Thumb Code     0  startup_stm32f103xe.o(.text)
    FSMC_IRQHandler                          0x0800015f   Thumb Code     0  startup_stm32f103xe.o(.text)
    I2C1_ER_IRQHandler                       0x0800015f   Thumb Code     0  startup_stm32f103xe.o(.text)
    I2C1_EV_IRQHandler                       0x0800015f   Thumb Code     0  startup_stm32f103xe.o(.text)
    I2C2_ER_IRQHandler                       0x0800015f   Thumb Code     0  startup_stm32f103xe.o(.text)
    I2C2_EV_IRQHandler                       0x0800015f   Thumb Code     0  startup_stm32f103xe.o(.text)
    PVD_IRQHandler                           0x0800015f   Thumb Code     0  startup_stm32f103xe.o(.text)
    RCC_IRQHandler                           0x0800015f   Thumb Code     0  startup_stm32f103xe.o(.text)
    RTC_Alarm_IRQHandler                     0x0800015f   Thumb Code     0  startup_stm32f103xe.o(.text)
    RTC_IRQHandler                           0x0800015f   Thumb Code     0  startup_stm32f103xe.o(.text)
    SDIO_IRQHandler                          0x0800015f   Thumb Code     0  startup_stm32f103xe.o(.text)
    SPI1_IRQHandler                          0x0800015f   Thumb Code     0  startup_stm32f103xe.o(.text)
    SPI2_IRQHandler                          0x0800015f   Thumb Code     0  startup_stm32f103xe.o(.text)
    SPI3_IRQHandler                          0x0800015f   Thumb Code     0  startup_stm32f103xe.o(.text)
    TAMPER_IRQHandler                        0x0800015f   Thumb Code     0  startup_stm32f103xe.o(.text)
    TIM1_BRK_IRQHandler                      0x0800015f   Thumb Code     0  startup_stm32f103xe.o(.text)
    TIM1_CC_IRQHandler                       0x0800015f   Thumb Code     0  startup_stm32f103xe.o(.text)
    TIM1_TRG_COM_IRQHandler                  0x0800015f   Thumb Code     0  startup_stm32f103xe.o(.text)
    TIM1_UP_IRQHandler                       0x0800015f   Thumb Code     0  startup_stm32f103xe.o(.text)
    TIM2_IRQHandler                          0x0800015f   Thumb Code     0  startup_stm32f103xe.o(.text)
    TIM3_IRQHandler                          0x0800015f   Thumb Code     0  startup_stm32f103xe.o(.text)
    TIM5_IRQHandler                          0x0800015f   Thumb Code     0  startup_stm32f103xe.o(.text)
    TIM6_IRQHandler                          0x0800015f   Thumb Code     0  startup_stm32f103xe.o(.text)
    TIM7_IRQHandler                          0x0800015f   Thumb Code     0  startup_stm32f103xe.o(.text)
    TIM8_BRK_IRQHandler                      0x0800015f   Thumb Code     0  startup_stm32f103xe.o(.text)
    TIM8_CC_IRQHandler                       0x0800015f   Thumb Code     0  startup_stm32f103xe.o(.text)
    TIM8_TRG_COM_IRQHandler                  0x0800015f   Thumb Code     0  startup_stm32f103xe.o(.text)
    TIM8_UP_IRQHandler                       0x0800015f   Thumb Code     0  startup_stm32f103xe.o(.text)
    UART4_IRQHandler                         0x0800015f   Thumb Code     0  startup_stm32f103xe.o(.text)
    UART5_IRQHandler                         0x0800015f   Thumb Code     0  startup_stm32f103xe.o(.text)
    USBWakeUp_IRQHandler                     0x0800015f   Thumb Code     0  startup_stm32f103xe.o(.text)
    USB_HP_CAN1_TX_IRQHandler                0x0800015f   Thumb Code     0  startup_stm32f103xe.o(.text)
    USB_LP_CAN1_RX0_IRQHandler               0x0800015f   Thumb Code     0  startup_stm32f103xe.o(.text)
    WWDG_IRQHandler                          0x0800015f   Thumb Code     0  startup_stm32f103xe.o(.text)
    __aeabi_uldivmod                         0x08000169   Thumb Code    98  uldiv.o(.text)
    __aeabi_ldivmod                          0x080001cb   Thumb Code    98  ldiv.o(.text)
    __aeabi_memcpy                           0x0800022d   Thumb Code    36  memcpya.o(.text)
    __aeabi_memcpy4                          0x0800022d   Thumb Code     0  memcpya.o(.text)
    __aeabi_memcpy8                          0x0800022d   Thumb Code     0  memcpya.o(.text)
    __aeabi_memset                           0x08000251   Thumb Code    14  memseta.o(.text)
    __aeabi_memset4                          0x08000251   Thumb Code     0  memseta.o(.text)
    __aeabi_memset8                          0x08000251   Thumb Code     0  memseta.o(.text)
    __aeabi_memclr                           0x0800025f   Thumb Code     4  memseta.o(.text)
    __aeabi_memclr4                          0x0800025f   Thumb Code     0  memseta.o(.text)
    __aeabi_memclr8                          0x0800025f   Thumb Code     0  memseta.o(.text)
    _memset$wrapper                          0x08000263   Thumb Code    18  memseta.o(.text)
    strchr                                   0x08000275   Thumb Code    20  strchr.o(.text)
    strlen                                   0x08000289   Thumb Code    14  strlen.o(.text)
    memcmp                                   0x08000297   Thumb Code    26  memcmp.o(.text)
    atoi                                     0x080002b1   Thumb Code    26  atoi.o(.text)
    __aeabi_dmul                             0x080002cb   Thumb Code   228  dmul.o(.text)
    __aeabi_ddiv                             0x080003af   Thumb Code   222  ddiv.o(.text)
    __aeabi_ui2d                             0x0800048d   Thumb Code    26  dfltui.o(.text)
    __aeabi_d2uiz                            0x080004a7   Thumb Code    50  dfixui.o(.text)
    __aeabi_d2f                              0x080004d9   Thumb Code    56  d2f.o(.text)
    __aeabi_llsl                             0x08000511   Thumb Code    30  llshl.o(.text)
    _ll_shift_l                              0x08000511   Thumb Code     0  llshl.o(.text)
    __aeabi_llsr                             0x0800052f   Thumb Code    32  llushr.o(.text)
    _ll_ushift_r                             0x0800052f   Thumb Code     0  llushr.o(.text)
    strtol                                   0x0800054f   Thumb Code   112  strtol.o(.text)
    __I$use$fp                               0x080005bf   Thumb Code     0  iusefp.o(.text)
    _float_round                             0x080005bf   Thumb Code    18  fepilogue.o(.text)
    _float_epilogue                          0x080005d1   Thumb Code    92  fepilogue.o(.text)
    _double_round                            0x0800062d   Thumb Code    30  depilogue.o(.text)
    _double_epilogue                         0x0800064b   Thumb Code   156  depilogue.o(.text)
    __scatterload                            0x080006e9   Thumb Code    28  init.o(.text)
    __scatterload_rt2                        0x080006e9   Thumb Code     0  init.o(.text)
    __rt_ctype_table                         0x0800070d   Thumb Code     4  ctype_o.o(.text)
    _strtoul                                 0x08000715   Thumb Code   158  _strtoul.o(.text)
    _chval                                   0x080007b3   Thumb Code    28  _chval.o(.text)
    __decompress                             0x080007cf   Thumb Code     0  __dczerorl2.o(.text)
    __decompress1                            0x080007cf   Thumb Code    86  __dczerorl2.o(.text)
    BusFault_Handler                         0x08000825   Thumb Code     4  stm32f1xx_it.o(i.BusFault_Handler)
    DebugMon_Handler                         0x08000829   Thumb Code     2  stm32f1xx_it.o(i.DebugMon_Handler)
    FSMC_NORSRAM_Extended_Timing_Init        0x0800082d   Thumb Code    62  stm32f1xx_ll_fsmc.o(i.FSMC_NORSRAM_Extended_Timing_Init)
    FSMC_NORSRAM_Init                        0x08000871   Thumb Code   116  stm32f1xx_ll_fsmc.o(i.FSMC_NORSRAM_Init)
    FSMC_NORSRAM_Timing_Init                 0x080008e9   Thumb Code    66  stm32f1xx_ll_fsmc.o(i.FSMC_NORSRAM_Timing_Init)
    HAL_DMA_Abort_IT                         0x0800092d   Thumb Code   414  stm32f1xx_hal_dma.o(i.HAL_DMA_Abort_IT)
    HAL_Delay                                0x08000ad5   Thumb Code    12  delay.o(i.HAL_Delay)
    HAL_GPIO_Init                            0x08000ae1   Thumb Code   792  stm32f1xx_hal_gpio.o(i.HAL_GPIO_Init)
    HAL_GPIO_ReadPin                         0x08000e21   Thumb Code    16  stm32f1xx_hal_gpio.o(i.HAL_GPIO_ReadPin)
    HAL_GPIO_TogglePin                       0x08000e31   Thumb Code    20  stm32f1xx_hal_gpio.o(i.HAL_GPIO_TogglePin)
    HAL_GPIO_WritePin                        0x08000e45   Thumb Code    12  stm32f1xx_hal_gpio.o(i.HAL_GPIO_WritePin)
    HAL_GetTick                              0x08000e51   Thumb Code     6  stm32f1xx_hal.o(i.HAL_GetTick)
    HAL_IncTick                              0x08000e5d   Thumb Code    16  stm32f1xx_hal.o(i.HAL_IncTick)
    HAL_Init                                 0x08000e75   Thumb Code    34  stm32f1xx_hal.o(i.HAL_Init)
    HAL_InitTick                             0x08000e9d   Thumb Code    64  stm32f1xx_hal.o(i.HAL_InitTick)
    HAL_MspInit                              0x08000ee9   Thumb Code     2  stm32f1xx_hal.o(i.HAL_MspInit)
    HAL_NVIC_EnableIRQ                       0x08000eeb   Thumb Code    32  stm32f1xx_hal_cortex.o(i.HAL_NVIC_EnableIRQ)
    HAL_NVIC_SetPriority                     0x08000f0b   Thumb Code   124  stm32f1xx_hal_cortex.o(i.HAL_NVIC_SetPriority)
    HAL_NVIC_SetPriorityGrouping             0x08000f89   Thumb Code    32  stm32f1xx_hal_cortex.o(i.HAL_NVIC_SetPriorityGrouping)
    HAL_RCC_ClockConfig                      0x08000fb1   Thumb Code   376  stm32f1xx_hal_rcc.o(i.HAL_RCC_ClockConfig)
    HAL_RCC_GetHCLKFreq                      0x0800113d   Thumb Code     6  stm32f1xx_hal_rcc.o(i.HAL_RCC_GetHCLKFreq)
    HAL_RCC_GetPCLK1Freq                     0x08001149   Thumb Code    22  stm32f1xx_hal_rcc.o(i.HAL_RCC_GetPCLK1Freq)
    HAL_RCC_GetPCLK2Freq                     0x08001169   Thumb Code    22  stm32f1xx_hal_rcc.o(i.HAL_RCC_GetPCLK2Freq)
    HAL_RCC_GetSysClockFreq                  0x08001189   Thumb Code   116  stm32f1xx_hal_rcc.o(i.HAL_RCC_GetSysClockFreq)
    HAL_RCC_OscConfig                        0x0800121d   Thumb Code  1114  stm32f1xx_hal_rcc.o(i.HAL_RCC_OscConfig)
    HAL_SD_GetCardCSD                        0x08001681   Thumb Code   450  stm32f1xx_hal_sd.o(i.HAL_SD_GetCardCSD)
    HAL_SD_GetCardState                      0x08001849   Thumb Code    36  stm32f1xx_hal_sd.o(i.HAL_SD_GetCardState)
    HAL_SD_Init                              0x0800186d   Thumb Code    60  stm32f1xx_hal_sd.o(i.HAL_SD_Init)
    HAL_SD_InitCard                          0x080018a9   Thumb Code   128  stm32f1xx_hal_sd.o(i.HAL_SD_InitCard)
    HAL_SD_MspInit                           0x0800192d   Thumb Code   310  sdio_sdcard.o(i.HAL_SD_MspInit)
    HAL_SD_ReadBlocks                        0x08001a71   Thumb Code   700  stm32f1xx_hal_sd.o(i.HAL_SD_ReadBlocks)
    HAL_SD_WriteBlocks                       0x08001d31   Thumb Code   590  stm32f1xx_hal_sd.o(i.HAL_SD_WriteBlocks)
    HAL_SPI_Init                             0x08001f85   Thumb Code   212  stm32f1xx_hal_spi.o(i.HAL_SPI_Init)
    HAL_SPI_MspInit                          0x08002059   Thumb Code   164  spi.o(i.HAL_SPI_MspInit)
    HAL_SPI_TransmitReceive                  0x08002109   Thumb Code   750  stm32f1xx_hal_spi.o(i.HAL_SPI_TransmitReceive)
    HAL_SRAM_Init                            0x080023f7   Thumb Code   102  stm32f1xx_hal_sram.o(i.HAL_SRAM_Init)
    HAL_SRAM_MspInit                         0x0800245d   Thumb Code   130  lcd.o(i.HAL_SRAM_MspInit)
    HAL_SYSTICK_Config                       0x080024ed   Thumb Code    52  stm32f1xx_hal_cortex.o(i.HAL_SYSTICK_Config)
    HAL_TIM_Base_Init                        0x08002521   Thumb Code   102  stm32f1xx_hal_tim.o(i.HAL_TIM_Base_Init)
    HAL_TIM_Base_MspInit                     0x08002587   Thumb Code     2  stm32f1xx_hal_tim.o(i.HAL_TIM_Base_MspInit)
    HAL_TIM_Base_Start_IT                    0x08002589   Thumb Code   122  stm32f1xx_hal_tim.o(i.HAL_TIM_Base_Start_IT)
    HAL_UART_ErrorCallback                   0x08002619   Thumb Code     2  stm32f1xx_hal_uart.o(i.HAL_UART_ErrorCallback)
    HAL_UART_IRQHandler                      0x0800261d   Thumb Code   334  stm32f1xx_hal_uart.o(i.HAL_UART_IRQHandler)
    HAL_UART_Init                            0x08002771   Thumb Code   114  stm32f1xx_hal_uart.o(i.HAL_UART_Init)
    HAL_UART_MspInit                         0x080027e5   Thumb Code   482  usart.o(i.HAL_UART_MspInit)
    HAL_UART_Receive_IT                      0x080029e1   Thumb Code   112  stm32f1xx_hal_uart.o(i.HAL_UART_Receive_IT)
    HAL_UART_RxCpltCallback                  0x08002a51   Thumb Code   506  usart.o(i.HAL_UART_RxCpltCallback)
    HAL_UART_Transmit                        0x08002ca1   Thumb Code   210  stm32f1xx_hal_uart.o(i.HAL_UART_Transmit)
    HAL_UART_TxCpltCallback                  0x08002d73   Thumb Code     2  stm32f1xx_hal_uart.o(i.HAL_UART_TxCpltCallback)
    HardFault_Handler                        0x08002d75   Thumb Code     4  stm32f1xx_it.o(i.HardFault_Handler)
    MemManage_Handler                        0x08002d79   Thumb Code     4  stm32f1xx_it.o(i.MemManage_Handler)
    NMI_Handler                              0x08002d7d   Thumb Code     2  stm32f1xx_it.o(i.NMI_Handler)
    PendSV_Handler                           0x08002d7f   Thumb Code     2  stm32f1xx_it.o(i.PendSV_Handler)
    SDIO_ConfigData                          0x08002da9   Thumb Code    44  stm32f1xx_ll_sdmmc.o(i.SDIO_ConfigData)
    SDIO_GetCommandResponse                  0x08002dd5   Thumb Code     8  stm32f1xx_ll_sdmmc.o(i.SDIO_GetCommandResponse)
    SDIO_GetPowerState                       0x08002ddd   Thumb Code    10  stm32f1xx_ll_sdmmc.o(i.SDIO_GetPowerState)
    SDIO_GetResponse                         0x08002de7   Thumb Code    12  stm32f1xx_ll_sdmmc.o(i.SDIO_GetResponse)
    SDIO_Init                                0x08002df3   Thumb Code    52  stm32f1xx_ll_sdmmc.o(i.SDIO_Init)
    SDIO_PowerState_ON                       0x08002e27   Thumb Code    18  stm32f1xx_ll_sdmmc.o(i.SDIO_PowerState_ON)
    SDIO_ReadFIFO                            0x08002e39   Thumb Code     8  stm32f1xx_ll_sdmmc.o(i.SDIO_ReadFIFO)
    SDIO_SendCommand                         0x08002e41   Thumb Code    40  stm32f1xx_ll_sdmmc.o(i.SDIO_SendCommand)
    SDIO_WriteFIFO                           0x08002e69   Thumb Code    12  stm32f1xx_ll_sdmmc.o(i.SDIO_WriteFIFO)
    SDMMC_CmdAppCommand                      0x08002e75   Thumb Code    56  stm32f1xx_ll_sdmmc.o(i.SDMMC_CmdAppCommand)
    SDMMC_CmdAppOperCommand                  0x08002ead   Thumb Code    54  stm32f1xx_ll_sdmmc.o(i.SDMMC_CmdAppOperCommand)
    SDMMC_CmdBlockLength                     0x08002ee9   Thumb Code    56  stm32f1xx_ll_sdmmc.o(i.SDMMC_CmdBlockLength)
    SDMMC_CmdGoIdleState                     0x08002f21   Thumb Code    44  stm32f1xx_ll_sdmmc.o(i.SDMMC_CmdGoIdleState)
    SDMMC_CmdOperCond                        0x08002f4d   Thumb Code    52  stm32f1xx_ll_sdmmc.o(i.SDMMC_CmdOperCond)
    SDMMC_CmdReadMultiBlock                  0x08002f81   Thumb Code    56  stm32f1xx_ll_sdmmc.o(i.SDMMC_CmdReadMultiBlock)
    SDMMC_CmdReadSingleBlock                 0x08002fb9   Thumb Code    56  stm32f1xx_ll_sdmmc.o(i.SDMMC_CmdReadSingleBlock)
    SDMMC_CmdSelDesel                        0x08002ff1   Thumb Code    58  stm32f1xx_ll_sdmmc.o(i.SDMMC_CmdSelDesel)
    SDMMC_CmdSendCID                         0x0800302b   Thumb Code    50  stm32f1xx_ll_sdmmc.o(i.SDMMC_CmdSendCID)
    SDMMC_CmdSendCSD                         0x0800305d   Thumb Code    50  stm32f1xx_ll_sdmmc.o(i.SDMMC_CmdSendCSD)
    SDMMC_CmdSendStatus                      0x0800308f   Thumb Code    56  stm32f1xx_ll_sdmmc.o(i.SDMMC_CmdSendStatus)
    SDMMC_CmdSetRelAdd                       0x080030c7   Thumb Code    56  stm32f1xx_ll_sdmmc.o(i.SDMMC_CmdSetRelAdd)
    SDMMC_CmdStopTransfer                    0x08003101   Thumb Code    54  stm32f1xx_ll_sdmmc.o(i.SDMMC_CmdStopTransfer)
    SDMMC_CmdWriteMultiBlock                 0x0800313d   Thumb Code    56  stm32f1xx_ll_sdmmc.o(i.SDMMC_CmdWriteMultiBlock)
    SDMMC_CmdWriteSingleBlock                0x08003175   Thumb Code    56  stm32f1xx_ll_sdmmc.o(i.SDMMC_CmdWriteSingleBlock)
    SPI_ISCRCErrorValid                      0x080037a1   Thumb Code     6  stm32f1xx_hal_spi.o(i.SPI_ISCRCErrorValid)
    SVC_Handler                              0x08003881   Thumb Code     2  stm32f1xx_it.o(i.SVC_Handler)
    Serial2_ParseData                        0x08003885   Thumb Code   174  usart.o(i.Serial2_ParseData)
    Serial3_ParseData                        0x08003945   Thumb Code   174  usart.o(i.Serial3_ParseData)
    SysTick_Handler                          0x08003a05   Thumb Code     8  stm32f1xx_it.o(i.SysTick_Handler)
    SystemInit                               0x08003a0d   Thumb Code     2  system_stm32f1xx.o(i.SystemInit)
    TIM4_IRQHandler                          0x08003a11   Thumb Code    58  usmart_port.o(i.TIM4_IRQHandler)
    TIM_Base_SetConfig                       0x08003a55   Thumb Code   134  stm32f1xx_hal_tim.o(i.TIM_Base_SetConfig)
    UART2_SendData                           0x08003af1   Thumb Code    22  usart.o(i.UART2_SendData)
    UART3_SendData                           0x08003b0d   Thumb Code    22  usart.o(i.UART3_SendData)
    USART1_IRQHandler                        0x08003de5   Thumb Code    10  usart.o(i.USART1_IRQHandler)
    USART2_IRQHandler                        0x08003df5   Thumb Code    10  usart.o(i.USART2_IRQHandler)
    USART3_IRQHandler                        0x08003e05   Thumb Code    10  usart.o(i.USART3_IRQHandler)
    UsageFault_Handler                       0x08003e15   Thumb Code     4  stm32f1xx_it.o(i.UsageFault_Handler)
    __0printf$8                              0x08003e19   Thumb Code    22  printf8.o(i.__0printf$8)
    __1printf$8                              0x08003e19   Thumb Code     0  printf8.o(i.__0printf$8)
    __2printf                                0x08003e19   Thumb Code     0  printf8.o(i.__0printf$8)
    __0sprintf$8                             0x08003e39   Thumb Code    34  printf8.o(i.__0sprintf$8)
    __1sprintf$8                             0x08003e39   Thumb Code     0  printf8.o(i.__0sprintf$8)
    __2sprintf                               0x08003e39   Thumb Code     0  printf8.o(i.__0sprintf$8)
    __aeabi_errno_addr                       0x08003e99   Thumb Code     4  errno.o(i.__aeabi_errno_addr)
    __rt_errno_addr                          0x08003e99   Thumb Code     0  errno.o(i.__aeabi_errno_addr)
    __scatterload_copy                       0x08003ea1   Thumb Code    14  handlers.o(i.__scatterload_copy)
    __scatterload_null                       0x08003eaf   Thumb Code     2  handlers.o(i.__scatterload_null)
    __scatterload_zeroinit                   0x08003eb1   Thumb Code    14  handlers.o(i.__scatterload_zeroinit)
    delay_init                               0x08004c61   Thumb Code     6  delay.o(i.delay_init)
    delay_ms                                 0x08004c6d   Thumb Code    18  delay.o(i.delay_ms)
    delay_us                                 0x08004c81   Thumb Code    68  delay.o(i.delay_us)
    dir_sdi                                  0x0800542d   Thumb Code   170  ff.o(i.dir_sdi)
    disk_initialize                          0x080054d7   Thumb Code    44  diskio.o(i.disk_initialize)
    disk_ioctl                               0x08005505   Thumb Code   176  diskio.o(i.disk_ioctl)
    disk_read                                0x080055b9   Thumb Code   126  diskio.o(i.disk_read)
    disk_status                              0x08005637   Thumb Code     6  diskio.o(i.disk_status)
    disk_write                               0x0800563d   Thumb Code   126  diskio.o(i.disk_write)
    exfuns_get_free                          0x080056bb   Thumb Code    74  exfuns.o(i.exfuns_get_free)
    exfuns_init                              0x08005705   Thumb Code    64  exfuns.o(i.exfuns_init)
    f_close                                  0x08005749   Thumb Code    38  ff.o(i.f_close)
    f_closedir                               0x0800576f   Thumb Code    24  ff.o(i.f_closedir)
    f_getfree                                0x08005787   Thumb Code   348  ff.o(i.f_getfree)
    f_getlabel                               0x080058e3   Thumb Code   316  ff.o(i.f_getlabel)
    f_gets                                   0x08005a1f   Thumb Code    80  ff.o(i.f_gets)
    f_lseek                                  0x08005a6f   Thumb Code  1110  ff.o(i.f_lseek)
    f_mkdir                                  0x08005ec5   Thumb Code   418  ff.o(i.f_mkdir)
    f_mkfs                                   0x08006069   Thumb Code  3514  ff.o(i.f_mkfs)
    f_mount                                  0x08006e65   Thumb Code    80  ff.o(i.f_mount)
    f_open                                   0x08006eb9   Thumb Code   786  ff.o(i.f_open)
    f_opendir                                0x080071cb   Thumb Code   184  ff.o(i.f_opendir)
    f_putc                                   0x08007283   Thumb Code    34  ff.o(i.f_putc)
    f_puts                                   0x080072a5   Thumb Code    44  ff.o(i.f_puts)
    f_read                                   0x080072d1   Thumb Code   552  ff.o(i.f_read)
    f_readdir                                0x080074f9   Thumb Code   112  ff.o(i.f_readdir)
    f_rename                                 0x08007569   Thumb Code   516  ff.o(i.f_rename)
    f_setlabel                               0x0800776d   Thumb Code   486  ff.o(i.f_setlabel)
    f_sync                                   0x08007959   Thumb Code   424  ff.o(i.f_sync)
    f_unlink                                 0x08007b01   Thumb Code   252  ff.o(i.f_unlink)
    f_write                                  0x08007bfd   Thumb Code   644  ff.o(i.f_write)
    ff_memalloc                              0x08007e81   Thumb Code    14  ffsystem.o(i.ff_memalloc)
    ff_memfree                               0x08007e8f   Thumb Code    14  ffsystem.o(i.ff_memfree)
    ff_oem2uni                               0x08007e9d   Thumb Code   100  ffunicode.o(i.ff_oem2uni)
    ff_uni2oem                               0x08007f05   Thumb Code   112  ffunicode.o(i.ff_uni2oem)
    ff_wtoupper                              0x08007f79   Thumb Code   166  ffunicode.o(i.ff_wtoupper)
    fputc                                    0x08008285   Thumb Code    24  usart.o(i.fputc)
    get_fattime                              0x08008509   Thumb Code     4  ffsystem.o(i.get_fattime)
    get_sd_card_state                        0x080087d5   Thumb Code    20  sdio_sdcard.o(i.get_sd_card_state)
    handle_KEY1_press                        0x080087ed   Thumb Code    64  main.o(i.handle_KEY1_press)
    key_init                                 0x08008891   Thumb Code   172  key.o(i.key_init)
    key_scan                                 0x08008949   Thumb Code   148  key.o(i.key_scan)
    lcd_clear                                0x080089e9   Thumb Code    42  lcd.o(i.lcd_clear)
    lcd_display_dir                          0x08008a1d   Thumb Code   360  lcd.o(i.lcd_display_dir)
    lcd_draw_point                           0x08008b89   Thumb Code    26  lcd.o(i.lcd_draw_point)
    lcd_ex_ili9341_reginit                   0x08008ba9   Thumb Code   556  lcd.o(i.lcd_ex_ili9341_reginit)
    lcd_ex_ili9806_reginit                   0x08008dd5   Thumb Code   832  lcd.o(i.lcd_ex_ili9806_reginit)
    lcd_ex_nt35310_reginit                   0x08009115   Thumb Code  3826  lcd.o(i.lcd_ex_nt35310_reginit)
    lcd_ex_nt35510_reginit                   0x0800a007   Thumb Code  3836  lcd.o(i.lcd_ex_nt35510_reginit)
    lcd_ex_ssd1963_reginit                   0x0800af03   Thumb Code   366  lcd.o(i.lcd_ex_ssd1963_reginit)
    lcd_ex_st7789_reginit                    0x0800b071   Thumb Code   424  lcd.o(i.lcd_ex_st7789_reginit)
    lcd_ex_st7796_reginit                    0x0800b219   Thumb Code   454  lcd.o(i.lcd_ex_st7796_reginit)
    lcd_fill                                 0x0800b3e1   Thumb Code    80  lcd.o(i.lcd_fill)
    lcd_init                                 0x0800b435   Thumb Code  1120  lcd.o(i.lcd_init)
    lcd_scan_dir                             0x0800b8d9   Thumb Code   568  lcd.o(i.lcd_scan_dir)
    lcd_set_cursor                           0x0800bb15   Thumb Code   282  lcd.o(i.lcd_set_cursor)
    lcd_show_char                            0x0800bc35   Thumb Code   294  lcd.o(i.lcd_show_char)
    lcd_show_num                             0x0800bd75   Thumb Code   152  lcd.o(i.lcd_show_num)
    lcd_show_string                          0x0800be0d   Thumb Code   106  lcd.o(i.lcd_show_string)
    lcd_ssd_backlight_set                    0x0800be79   Thumb Code    80  lcd.o(i.lcd_ssd_backlight_set)
    lcd_wr_data                              0x0800becd   Thumb Code    18  lcd.o(i.lcd_wr_data)
    lcd_wr_regno                             0x0800bee5   Thumb Code    18  lcd.o(i.lcd_wr_regno)
    lcd_write_ram_prepare                    0x0800befd   Thumb Code    10  lcd.o(i.lcd_write_ram_prepare)
    lcd_write_reg                            0x0800bf11   Thumb Code    10  lcd.o(i.lcd_write_reg)
    led_init                                 0x0800bfcd   Thumb Code   132  led.o(i.led_init)
    main                                     0x0800c1ad   Thumb Code  1636  main.o(i.main)
    mf_close                                 0x0800c815   Thumb Code    14  fattester.o(i.mf_close)
    mf_closedir                              0x0800c829   Thumb Code    10  fattester.o(i.mf_closedir)
    mf_fmkfs                                 0x0800c839   Thumb Code    40  fattester.o(i.mf_fmkfs)
    mf_free                                  0x0800c865   Thumb Code    26  fattester.o(i.mf_free)
    mf_getlabel                              0x0800c885   Thumb Code    58  fattester.o(i.mf_getlabel)
    mf_gets                                  0x0800c909   Thumb Code    38  fattester.o(i.mf_gets)
    mf_init                                  0x0800c951   Thumb Code    58  fattester.o(i.mf_init)
    mf_lseek                                 0x0800c991   Thumb Code    18  fattester.o(i.mf_lseek)
    mf_mkdir                                 0x0800c9a9   Thumb Code    12  fattester.o(i.mf_mkdir)
    mf_mount                                 0x0800c9b5   Thumb Code    20  fattester.o(i.mf_mount)
    mf_open                                  0x0800c9cd   Thumb Code    24  fattester.o(i.mf_open)
    mf_opendir                               0x0800c9e9   Thumb Code    14  fattester.o(i.mf_opendir)
    mf_putc                                  0x0800c9fd   Thumb Code    18  fattester.o(i.mf_putc)
    mf_puts                                  0x0800ca15   Thumb Code    18  fattester.o(i.mf_puts)
    mf_read                                  0x0800ca2d   Thumb Code   224  fattester.o(i.mf_read)
    mf_readdir                               0x0800cb89   Thumb Code   216  fattester.o(i.mf_readdir)
    mf_rename                                0x0800cdfd   Thumb Code    16  fattester.o(i.mf_rename)
    mf_scan_files                            0x0800ce0d   Thumb Code    74  fattester.o(i.mf_scan_files)
    mf_setlabel                              0x0800ce71   Thumb Code    34  fattester.o(i.mf_setlabel)
    mf_showfree                              0x0800cecd   Thumb Code    88  fattester.o(i.mf_showfree)
    mf_size                                  0x0800cf75   Thumb Code     8  fattester.o(i.mf_size)
    mf_tell                                  0x0800cf81   Thumb Code     8  fattester.o(i.mf_tell)
    mf_unlink                                0x0800cf8d   Thumb Code    12  fattester.o(i.mf_unlink)
    mf_write                                 0x0800cf99   Thumb Code    70  fattester.o(i.mf_write)
    my_mem_init                              0x0800d571   Thumb Code    38  malloc.o(i.my_mem_init)
    my_mem_perused                           0x0800d649   Thumb Code    56  malloc.o(i.my_mem_perused)
    my_mem_set                               0x0800d689   Thumb Code    20  malloc.o(i.my_mem_set)
    myfree                                   0x0800d69d   Thumb Code    30  malloc.o(i.myfree)
    mymalloc                                 0x0800d6c1   Thumb Code    34  malloc.o(i.mymalloc)
    norflash_erase_sector                    0x0800d6e9   Thumb Code    62  norflash.o(i.norflash_erase_sector)
    norflash_init                            0x0800d72d   Thumb Code   172  norflash.o(i.norflash_init)
    norflash_read                            0x0800d7e5   Thumb Code    76  norflash.o(i.norflash_read)
    norflash_read_id                         0x0800d835   Thumb Code    76  norflash.o(i.norflash_read_id)
    norflash_read_sr                         0x0800d885   Thumb Code    88  norflash.o(i.norflash_read_sr)
    norflash_write                           0x0800d929   Thumb Code   180  norflash.o(i.norflash_write)
    norflash_write_enable                    0x0800d9e1   Thumb Code    40  norflash.o(i.norflash_write_enable)
    norflash_write_sr                        0x0800daad   Thumb Code    84  norflash.o(i.norflash_write_sr)
    read_addr                                0x0800de19   Thumb Code     6  usmart.o(i.read_addr)
    read_file_count_from_sd                  0x0800de21   Thumb Code    70  main.o(i.read_file_count_from_sd)
    sd_init                                  0x0800dfdd   Thumb Code    48  sdio_sdcard.o(i.sd_init)
    sd_read_disk                             0x0800e015   Thumb Code    72  sdio_sdcard.o(i.sd_read_disk)
    sd_write_disk                            0x0800e065   Thumb Code    72  sdio_sdcard.o(i.sd_write_disk)
    spi2_init                                0x0800e0b5   Thumb Code   110  spi.o(i.spi2_init)
    spi2_read_write_byte                     0x0800e131   Thumb Code    28  spi.o(i.spi2_read_write_byte)
    spi2_set_speed                           0x0800e151   Thumb Code    68  spi.o(i.spi2_set_speed)
    sys_stm32_clock_init                     0x0800e3a7   Thumb Code   102  sys.o(i.sys_stm32_clock_init)
    uart2_init                               0x0800e459   Thumb Code    62  usart.o(i.uart2_init)
    uart3_init                               0x0800e4b9   Thumb Code    62  usart.o(i.uart3_init)
    update_tds_display                       0x0800e519   Thumb Code   100  main.o(i.update_tds_display)
    usart_init                               0x0800e595   Thumb Code    58  usart.o(i.usart_init)
    usmart_cmd_rec                           0x0800e5f1   Thumb Code   170  usmart.o(i.usmart_cmd_rec)
    usmart_exe                               0x0800e6a1   Thumb Code   632  usmart.o(i.usmart_exe)
    usmart_get_aparm                         0x0800e975   Thumb Code   212  usmart_str.o(i.usmart_get_aparm)
    usmart_get_cmdname                       0x0800ea49   Thumb Code    54  usmart_str.o(i.usmart_get_cmdname)
    usmart_get_fname                         0x0800ea81   Thumb Code   440  usmart_str.o(i.usmart_get_fname)
    usmart_get_fparam                        0x0800ec41   Thumb Code   262  usmart_str.o(i.usmart_get_fparam)
    usmart_get_input_string                  0x0800ed4d   Thumb Code    30  usmart_port.o(i.usmart_get_input_string)
    usmart_get_parmpos                       0x0800ed75   Thumb Code    26  usmart_str.o(i.usmart_get_parmpos)
    usmart_init                              0x0800ed95   Thumb Code    36  usmart.o(i.usmart_init)
    usmart_pow                               0x0800edbd   Thumb Code    22  usmart_str.o(i.usmart_pow)
    usmart_scan                              0x0800edd5   Thumb Code   106  usmart.o(i.usmart_scan)
    usmart_search_nextc                      0x0800ee7d   Thumb Code    22  usmart_str.o(i.usmart_search_nextc)
    usmart_str2num                           0x0800ee93   Thumb Code   262  usmart_str.o(i.usmart_str2num)
    usmart_strcmp                            0x0800ef99   Thumb Code    34  usmart_str.o(i.usmart_strcmp)
    usmart_strcopy                           0x0800efbb   Thumb Code    22  usmart_str.o(i.usmart_strcopy)
    usmart_strlen                            0x0800efd1   Thumb Code    24  usmart_str.o(i.usmart_strlen)
    usmart_sys_cmd_exe                       0x0800efe9   Thumb Code  1570  usmart.o(i.usmart_sys_cmd_exe)
    usmart_timx_get_time                     0x0800f6dd   Thumb Code    58  usmart_port.o(i.usmart_timx_get_time)
    usmart_timx_init                         0x0800f721   Thumb Code    84  usmart_port.o(i.usmart_timx_init)
    usmart_timx_reset_time                   0x0800f781   Thumb Code    44  usmart_port.o(i.usmart_timx_reset_time)
    write_addr                               0x0800f7f1   Thumb Code     4  usmart.o(i.write_addr)
    write_file_count_to_sd                   0x0800f7f5   Thumb Code    62  main.o(i.write_file_count_to_sd)
    AHBPrescTable                            0x0800f900   Data          16  system_stm32f1xx.o(.constdata)
    APBPrescTable                            0x0800f910   Data           8  system_stm32f1xx.o(.constdata)
    asc2_1206                                0x0800f918   Data        1140  lcd.o(.constdata)
    asc2_1608                                0x0800fd8c   Data        1520  lcd.o(.constdata)
    asc2_2412                                0x0801037c   Data        3420  lcd.o(.constdata)
    asc2_3216                                0x080110d8   Data        6080  lcd.o(.constdata)
    memtblsize                               0x08012898   Data           8  malloc.o(.constdata)
    memblksize                               0x080128a0   Data           8  malloc.o(.constdata)
    memsize                                  0x080128a8   Data           8  malloc.o(.constdata)
    __ctype_table                            0x0803d4d0   Data         129  ctype_o.o(.constdata)
    Region$$Table$$Base                      0x0803d90c   Number         0  anon$$obj.o(Region$$Table)
    Region$$Table$$Limit                     0x0803d92c   Number         0  anon$$obj.o(Region$$Table)
    res                                      0x20000000   Data           1  main.o(.data)
    bww                                      0x20000004   Data           4  main.o(.data)
    recording                                0x2000000c   Data           4  main.o(.data)
    SystemCoreClock                          0x20000010   Data           4  system_stm32f1xx.o(.data)
    __stdout                                 0x20000018   Data           4  usart.o(.data)
    g_usart_rx_sta                           0x2000001c   Data           2  usart.o(.data)
    g_rx_buffer                              0x2000001e   Data           1  usart.o(.data)
    rx2_data                                 0x2000001f   Data           1  usart.o(.data)
    rx3_data                                 0x20000020   Data           1  usart.o(.data)
    Serial2_RxFlag                           0x20000021   Data           1  usart.o(.data)
    S2data                                   0x20000024   Data           8  usart.o(.data)
    Serial3_RxFlag                           0x2000002c   Data           1  usart.o(.data)
    S3data                                   0x20000030   Data           8  usart.o(.data)
    uwTick                                   0x20000040   Data           4  stm32f1xx_hal.o(.data)
    uwTickPrio                               0x20000044   Data           4  stm32f1xx_hal.o(.data)
    uwTickFreq                               0x20000048   Data           1  stm32f1xx_hal.o(.data)
    g_point_color                            0x2000004c   Data           4  lcd.o(.data)
    g_back_color                             0x20000050   Data           4  lcd.o(.data)
    g_norflash_type                          0x20000054   Data           2  norflash.o(.data)
    mallco_dev                               0x20000058   Data          28  malloc.o(.data)
    fs                                       0x20000080   Data           8  exfuns.o(.data)
    sys_cmd_tab                              0x20000088   Data          28  usmart.o(.data)
    usmart_nametab                           0x200000a4   Data         208  usmart_config.o(.data)
    usmart_dev                               0x20000174   Data         244  usmart_config.o(.data)
    file_name                                0x20000270   Data          20  main.o(.bss)
    fil                                      0x20000288   Data         600  main.o(.bss)
    buf                                      0x200004e0   Data          50  main.o(.bss)
    tds_data                                 0x20000512   Data         100  main.o(.bss)
    g_usart_rx_buf                           0x20000578   Data         200  usart.o(.bss)
    g_uart1_handle                           0x20000640   Data          64  usart.o(.bss)
    huart2                                   0x20000680   Data          64  usart.o(.bss)
    huart3                                   0x200006c0   Data          64  usart.o(.bss)
    Serial2_RxPacket                         0x20000700   Data          22  usart.o(.bss)
    Serial3_RxPacket                         0x20000716   Data          22  usart.o(.bss)
    g_sram_handle                            0x2000072c   Data          72  lcd.o(.bss)
    lcddev                                   0x20000774   Data          14  lcd.o(.bss)
    g_sdcard_handler                         0x20000784   Data         132  sdio_sdcard.o(.bss)
    g_sd_card_info_handle                    0x20000808   Data          32  sdio_sdcard.o(.bss)
    g_spi2_handler                           0x20000828   Data          88  spi.o(.bss)
    g_norflash_buf                           0x20000880   Data        4096  norflash.o(.bss)
    fattester                                0x2000c280   Data         384  fattester.o(.bss)
    g_timx_usmart_handle                     0x2000c400   Data          72  usmart_port.o(.bss)
    __initial_sp                             0x2000c848   Data           0  startup_stm32f103xe.o(STACK)



==============================================================================

Memory Map of the image

  Image Entry point : 0x08000131

  Load Region LR_IROM1 (Base: 0x08000000, Size: 0x0003db98, Max: 0x00080000, ABSOLUTE, COMPRESSED[0x0003da2c])

    Execution Region ER_IROM1 (Exec base: 0x08000000, Load base: 0x08000000, Size: 0x0003d92c, Max: 0x00080000, ABSOLUTE)

    Exec Addr    Load Addr    Size         Type   Attr      Idx    E Section Name        Object

    0x08000000   0x08000000   0x00000130   Data   RO            3    RESET               startup_stm32f103xe.o
    0x08000130   0x08000130   0x00000000   Code   RO         5909  * .ARM.Collect$$$$00000000  mc_w.l(entry.o)
    0x08000130   0x08000130   0x00000004   Code   RO         6207    .ARM.Collect$$$$00000001  mc_w.l(entry2.o)
    0x08000134   0x08000134   0x00000004   Code   RO         6210    .ARM.Collect$$$$00000004  mc_w.l(entry5.o)
    0x08000138   0x08000138   0x00000000   Code   RO         6212    .ARM.Collect$$$$00000008  mc_w.l(entry7b.o)
    0x08000138   0x08000138   0x00000000   Code   RO         6214    .ARM.Collect$$$$0000000A  mc_w.l(entry8b.o)
    0x08000138   0x08000138   0x00000008   Code   RO         6215    .ARM.Collect$$$$0000000B  mc_w.l(entry9a.o)
    0x08000140   0x08000140   0x00000000   Code   RO         6217    .ARM.Collect$$$$0000000D  mc_w.l(entry10a.o)
    0x08000140   0x08000140   0x00000000   Code   RO         6219    .ARM.Collect$$$$0000000F  mc_w.l(entry11a.o)
    0x08000140   0x08000140   0x00000004   Code   RO         6208    .ARM.Collect$$$$00002712  mc_w.l(entry2.o)
    0x08000144   0x08000144   0x00000024   Code   RO            4    .text               startup_stm32f103xe.o
    0x08000168   0x08000168   0x00000062   Code   RO         5912    .text               mc_w.l(uldiv.o)
    0x080001ca   0x080001ca   0x00000062   Code   RO         5914    .text               mc_w.l(ldiv.o)
    0x0800022c   0x0800022c   0x00000024   Code   RO         5916    .text               mc_w.l(memcpya.o)
    0x08000250   0x08000250   0x00000024   Code   RO         5918    .text               mc_w.l(memseta.o)
    0x08000274   0x08000274   0x00000014   Code   RO         5922    .text               mc_w.l(strchr.o)
    0x08000288   0x08000288   0x0000000e   Code   RO         5924    .text               mc_w.l(strlen.o)
    0x08000296   0x08000296   0x0000001a   Code   RO         5928    .text               mc_w.l(memcmp.o)
    0x080002b0   0x080002b0   0x0000001a   Code   RO         6195    .text               mc_w.l(atoi.o)
    0x080002ca   0x080002ca   0x000000e4   Code   RO         6197    .text               mf_w.l(dmul.o)
    0x080003ae   0x080003ae   0x000000de   Code   RO         6199    .text               mf_w.l(ddiv.o)
    0x0800048c   0x0800048c   0x0000001a   Code   RO         6201    .text               mf_w.l(dfltui.o)
    0x080004a6   0x080004a6   0x00000032   Code   RO         6203    .text               mf_w.l(dfixui.o)
    0x080004d8   0x080004d8   0x00000038   Code   RO         6205    .text               mf_w.l(d2f.o)
    0x08000510   0x08000510   0x0000001e   Code   RO         6223    .text               mc_w.l(llshl.o)
    0x0800052e   0x0800052e   0x00000020   Code   RO         6225    .text               mc_w.l(llushr.o)
    0x0800054e   0x0800054e   0x00000070   Code   RO         6234    .text               mc_w.l(strtol.o)
    0x080005be   0x080005be   0x00000000   Code   RO         6236    .text               mc_w.l(iusefp.o)
    0x080005be   0x080005be   0x0000006e   Code   RO         6237    .text               mf_w.l(fepilogue.o)
    0x0800062c   0x0800062c   0x000000ba   Code   RO         6239    .text               mf_w.l(depilogue.o)
    0x080006e6   0x080006e6   0x00000002   PAD
    0x080006e8   0x080006e8   0x00000024   Code   RO         6247    .text               mc_w.l(init.o)
    0x0800070c   0x0800070c   0x00000008   Code   RO         6251    .text               mc_w.l(ctype_o.o)
    0x08000714   0x08000714   0x0000009e   Code   RO         6279    .text               mc_w.l(_strtoul.o)
    0x080007b2   0x080007b2   0x0000001c   Code   RO         6281    .text               mc_w.l(_chval.o)
    0x080007ce   0x080007ce   0x00000056   Code   RO         6291    .text               mc_w.l(__dczerorl2.o)
    0x08000824   0x08000824   0x00000004   Code   RO          334    i.BusFault_Handler  stm32f1xx_it.o
    0x08000828   0x08000828   0x00000002   Code   RO          335    i.DebugMon_Handler  stm32f1xx_it.o
    0x0800082a   0x0800082a   0x00000002   PAD
    0x0800082c   0x0800082c   0x00000044   Code   RO         2280    i.FSMC_NORSRAM_Extended_Timing_Init  stm32f1xx_ll_fsmc.o
    0x08000870   0x08000870   0x00000078   Code   RO         2281    i.FSMC_NORSRAM_Init  stm32f1xx_ll_fsmc.o
    0x080008e8   0x080008e8   0x00000042   Code   RO         2282    i.FSMC_NORSRAM_Timing_Init  stm32f1xx_ll_fsmc.o
    0x0800092a   0x0800092a   0x00000002   PAD
    0x0800092c   0x0800092c   0x000001a8   Code   RO         1077    i.HAL_DMA_Abort_IT  stm32f1xx_hal_dma.o
    0x08000ad4   0x08000ad4   0x0000000c   Code   RO          537    i.HAL_Delay         delay.o
    0x08000ae0   0x08000ae0   0x00000340   Code   RO         1173    i.HAL_GPIO_Init     stm32f1xx_hal_gpio.o
    0x08000e20   0x08000e20   0x00000010   Code   RO         1175    i.HAL_GPIO_ReadPin  stm32f1xx_hal_gpio.o
    0x08000e30   0x08000e30   0x00000014   Code   RO         1176    i.HAL_GPIO_TogglePin  stm32f1xx_hal_gpio.o
    0x08000e44   0x08000e44   0x0000000c   Code   RO         1177    i.HAL_GPIO_WritePin  stm32f1xx_hal_gpio.o
    0x08000e50   0x08000e50   0x0000000c   Code   RO          790    i.HAL_GetTick       stm32f1xx_hal.o
    0x08000e5c   0x08000e5c   0x00000018   Code   RO          796    i.HAL_IncTick       stm32f1xx_hal.o
    0x08000e74   0x08000e74   0x00000028   Code   RO          797    i.HAL_Init          stm32f1xx_hal.o
    0x08000e9c   0x08000e9c   0x0000004c   Code   RO          798    i.HAL_InitTick      stm32f1xx_hal.o
    0x08000ee8   0x08000ee8   0x00000002   Code   RO          800    i.HAL_MspInit       stm32f1xx_hal.o
    0x08000eea   0x08000eea   0x00000020   Code   RO          955    i.HAL_NVIC_EnableIRQ  stm32f1xx_hal_cortex.o
    0x08000f0a   0x08000f0a   0x0000007c   Code   RO          961    i.HAL_NVIC_SetPriority  stm32f1xx_hal_cortex.o
    0x08000f86   0x08000f86   0x00000002   PAD
    0x08000f88   0x08000f88   0x00000028   Code   RO          962    i.HAL_NVIC_SetPriorityGrouping  stm32f1xx_hal_cortex.o
    0x08000fb0   0x08000fb0   0x0000018c   Code   RO         1398    i.HAL_RCC_ClockConfig  stm32f1xx_hal_rcc.o
    0x0800113c   0x0800113c   0x0000000c   Code   RO         1403    i.HAL_RCC_GetHCLKFreq  stm32f1xx_hal_rcc.o
    0x08001148   0x08001148   0x00000020   Code   RO         1405    i.HAL_RCC_GetPCLK1Freq  stm32f1xx_hal_rcc.o
    0x08001168   0x08001168   0x00000020   Code   RO         1406    i.HAL_RCC_GetPCLK2Freq  stm32f1xx_hal_rcc.o
    0x08001188   0x08001188   0x00000094   Code   RO         1407    i.HAL_RCC_GetSysClockFreq  stm32f1xx_hal_rcc.o
    0x0800121c   0x0800121c   0x00000464   Code   RO         1410    i.HAL_RCC_OscConfig  stm32f1xx_hal_rcc.o
    0x08001680   0x08001680   0x000001c8   Code   RO         3738    i.HAL_SD_GetCardCSD  stm32f1xx_hal_sd.o
    0x08001848   0x08001848   0x00000024   Code   RO         3740    i.HAL_SD_GetCardState  stm32f1xx_hal_sd.o
    0x0800186c   0x0800186c   0x0000003c   Code   RO         3745    i.HAL_SD_Init       stm32f1xx_hal_sd.o
    0x080018a8   0x080018a8   0x00000084   Code   RO         3746    i.HAL_SD_InitCard   stm32f1xx_hal_sd.o
    0x0800192c   0x0800192c   0x00000144   Code   RO         4577    i.HAL_SD_MspInit    sdio_sdcard.o
    0x08001a70   0x08001a70   0x000002c0   Code   RO         3749    i.HAL_SD_ReadBlocks  stm32f1xx_hal_sd.o
    0x08001d30   0x08001d30   0x00000254   Code   RO         3754    i.HAL_SD_WriteBlocks  stm32f1xx_hal_sd.o
    0x08001f84   0x08001f84   0x000000d4   Code   RO         3393    i.HAL_SPI_Init      stm32f1xx_hal_spi.o
    0x08002058   0x08002058   0x000000b0   Code   RO         4647    i.HAL_SPI_MspInit   spi.o
    0x08002108   0x08002108   0x000002ee   Code   RO         3402    i.HAL_SPI_TransmitReceive  stm32f1xx_hal_spi.o
    0x080023f6   0x080023f6   0x00000066   Code   RO         2141    i.HAL_SRAM_Init     stm32f1xx_hal_sram.o
    0x0800245c   0x0800245c   0x00000090   Code   RO         4316    i.HAL_SRAM_MspInit  lcd.o
    0x080024ec   0x080024ec   0x00000034   Code   RO          966    i.HAL_SYSTICK_Config  stm32f1xx_hal_cortex.o
    0x08002520   0x08002520   0x00000066   Code   RO         2400    i.HAL_TIM_Base_Init  stm32f1xx_hal_tim.o
    0x08002586   0x08002586   0x00000002   Code   RO         2402    i.HAL_TIM_Base_MspInit  stm32f1xx_hal_tim.o
    0x08002588   0x08002588   0x00000090   Code   RO         2405    i.HAL_TIM_Base_Start_IT  stm32f1xx_hal_tim.o
    0x08002618   0x08002618   0x00000002   Code   RO         1561    i.HAL_UART_ErrorCallback  stm32f1xx_hal_uart.o
    0x0800261a   0x0800261a   0x00000002   PAD
    0x0800261c   0x0800261c   0x00000154   Code   RO         1564    i.HAL_UART_IRQHandler  stm32f1xx_hal_uart.o
    0x08002770   0x08002770   0x00000072   Code   RO         1565    i.HAL_UART_Init     stm32f1xx_hal_uart.o
    0x080027e2   0x080027e2   0x00000002   PAD
    0x080027e4   0x080027e4   0x000001fc   Code   RO          654    i.HAL_UART_MspInit  usart.o
    0x080029e0   0x080029e0   0x00000070   Code   RO         1570    i.HAL_UART_Receive_IT  stm32f1xx_hal_uart.o
    0x08002a50   0x08002a50   0x00000250   Code   RO          655    i.HAL_UART_RxCpltCallback  usart.o
    0x08002ca0   0x08002ca0   0x000000d2   Code   RO         1573    i.HAL_UART_Transmit  stm32f1xx_hal_uart.o
    0x08002d72   0x08002d72   0x00000002   Code   RO         1576    i.HAL_UART_TxCpltCallback  stm32f1xx_hal_uart.o
    0x08002d74   0x08002d74   0x00000004   Code   RO          336    i.HardFault_Handler  stm32f1xx_it.o
    0x08002d78   0x08002d78   0x00000004   Code   RO          337    i.MemManage_Handler  stm32f1xx_it.o
    0x08002d7c   0x08002d7c   0x00000002   Code   RO          338    i.NMI_Handler       stm32f1xx_it.o
    0x08002d7e   0x08002d7e   0x00000002   Code   RO          339    i.PendSV_Handler    stm32f1xx_it.o
    0x08002d80   0x08002d80   0x00000028   Code   RO         1411    i.RCC_Delay         stm32f1xx_hal_rcc.o
    0x08002da8   0x08002da8   0x0000002c   Code   RO         3985    i.SDIO_ConfigData   stm32f1xx_ll_sdmmc.o
    0x08002dd4   0x08002dd4   0x00000008   Code   RO         3986    i.SDIO_GetCommandResponse  stm32f1xx_ll_sdmmc.o
    0x08002ddc   0x08002ddc   0x0000000a   Code   RO         3989    i.SDIO_GetPowerState  stm32f1xx_ll_sdmmc.o
    0x08002de6   0x08002de6   0x0000000c   Code   RO         3990    i.SDIO_GetResponse  stm32f1xx_ll_sdmmc.o
    0x08002df2   0x08002df2   0x00000034   Code   RO         3991    i.SDIO_Init         stm32f1xx_ll_sdmmc.o
    0x08002e26   0x08002e26   0x00000012   Code   RO         3993    i.SDIO_PowerState_ON  stm32f1xx_ll_sdmmc.o
    0x08002e38   0x08002e38   0x00000008   Code   RO         3994    i.SDIO_ReadFIFO     stm32f1xx_ll_sdmmc.o
    0x08002e40   0x08002e40   0x00000028   Code   RO         3995    i.SDIO_SendCommand  stm32f1xx_ll_sdmmc.o
    0x08002e68   0x08002e68   0x0000000c   Code   RO         3997    i.SDIO_WriteFIFO    stm32f1xx_ll_sdmmc.o
    0x08002e74   0x08002e74   0x00000038   Code   RO         3998    i.SDMMC_CmdAppCommand  stm32f1xx_ll_sdmmc.o
    0x08002eac   0x08002eac   0x0000003c   Code   RO         3999    i.SDMMC_CmdAppOperCommand  stm32f1xx_ll_sdmmc.o
    0x08002ee8   0x08002ee8   0x00000038   Code   RO         4000    i.SDMMC_CmdBlockLength  stm32f1xx_ll_sdmmc.o
    0x08002f20   0x08002f20   0x0000002c   Code   RO         4005    i.SDMMC_CmdGoIdleState  stm32f1xx_ll_sdmmc.o
    0x08002f4c   0x08002f4c   0x00000034   Code   RO         4007    i.SDMMC_CmdOperCond  stm32f1xx_ll_sdmmc.o
    0x08002f80   0x08002f80   0x00000038   Code   RO         4008    i.SDMMC_CmdReadMultiBlock  stm32f1xx_ll_sdmmc.o
    0x08002fb8   0x08002fb8   0x00000038   Code   RO         4009    i.SDMMC_CmdReadSingleBlock  stm32f1xx_ll_sdmmc.o
    0x08002ff0   0x08002ff0   0x0000003a   Code   RO         4012    i.SDMMC_CmdSelDesel  stm32f1xx_ll_sdmmc.o
    0x0800302a   0x0800302a   0x00000032   Code   RO         4013    i.SDMMC_CmdSendCID  stm32f1xx_ll_sdmmc.o
    0x0800305c   0x0800305c   0x00000032   Code   RO         4014    i.SDMMC_CmdSendCSD  stm32f1xx_ll_sdmmc.o
    0x0800308e   0x0800308e   0x00000038   Code   RO         4016    i.SDMMC_CmdSendStatus  stm32f1xx_ll_sdmmc.o
    0x080030c6   0x080030c6   0x00000038   Code   RO         4017    i.SDMMC_CmdSetRelAdd  stm32f1xx_ll_sdmmc.o
    0x080030fe   0x080030fe   0x00000002   PAD
    0x08003100   0x08003100   0x0000003c   Code   RO         4019    i.SDMMC_CmdStopTransfer  stm32f1xx_ll_sdmmc.o
    0x0800313c   0x0800313c   0x00000038   Code   RO         4021    i.SDMMC_CmdWriteMultiBlock  stm32f1xx_ll_sdmmc.o
    0x08003174   0x08003174   0x00000038   Code   RO         4022    i.SDMMC_CmdWriteSingleBlock  stm32f1xx_ll_sdmmc.o
    0x080031ac   0x080031ac   0x00000040   Code   RO         4023    i.SDMMC_GetCmdError  stm32f1xx_ll_sdmmc.o
    0x080031ec   0x080031ec   0x000001ac   Code   RO         4024    i.SDMMC_GetCmdResp1  stm32f1xx_ll_sdmmc.o
    0x08003398   0x08003398   0x00000064   Code   RO         4025    i.SDMMC_GetCmdResp2  stm32f1xx_ll_sdmmc.o
    0x080033fc   0x080033fc   0x00000058   Code   RO         4026    i.SDMMC_GetCmdResp3  stm32f1xx_ll_sdmmc.o
    0x08003454   0x08003454   0x000000b8   Code   RO         4027    i.SDMMC_GetCmdResp6  stm32f1xx_ll_sdmmc.o
    0x0800350c   0x0800350c   0x0000006c   Code   RO         4028    i.SDMMC_GetCmdResp7  stm32f1xx_ll_sdmmc.o
    0x08003578   0x08003578   0x00000102   Code   RO         3763    i.SD_InitCard       stm32f1xx_hal_sd.o
    0x0800367a   0x0800367a   0x00000002   PAD
    0x0800367c   0x0800367c   0x000000cc   Code   RO         3765    i.SD_PowerON        stm32f1xx_hal_sd.o
    0x08003748   0x08003748   0x00000030   Code   RO         3768    i.SD_SendStatus     stm32f1xx_hal_sd.o
    0x08003778   0x08003778   0x00000028   Code   RO         3433    i.SPI_EndRxTxTransaction  stm32f1xx_hal_spi.o
    0x080037a0   0x080037a0   0x00000006   Code   RO         3434    i.SPI_ISCRCErrorValid  stm32f1xx_hal_spi.o
    0x080037a6   0x080037a6   0x00000002   PAD
    0x080037a8   0x080037a8   0x000000d8   Code   RO         3441    i.SPI_WaitFlagStateUntilTimeout  stm32f1xx_hal_spi.o
    0x08003880   0x08003880   0x00000002   Code   RO          340    i.SVC_Handler       stm32f1xx_it.o
    0x08003882   0x08003882   0x00000002   PAD
    0x08003884   0x08003884   0x000000c0   Code   RO          656    i.Serial2_ParseData  usart.o
    0x08003944   0x08003944   0x000000c0   Code   RO          657    i.Serial3_ParseData  usart.o
    0x08003a04   0x08003a04   0x00000008   Code   RO          341    i.SysTick_Handler   stm32f1xx_it.o
    0x08003a0c   0x08003a0c   0x00000002   Code   RO          298    i.SystemInit        system_stm32f1xx.o
    0x08003a0e   0x08003a0e   0x00000002   PAD
    0x08003a10   0x08003a10   0x00000044   Code   RO         5777    i.TIM4_IRQHandler   usmart_port.o
    0x08003a54   0x08003a54   0x0000009c   Code   RO         2493    i.TIM_Base_SetConfig  stm32f1xx_hal_tim.o
    0x08003af0   0x08003af0   0x0000001c   Code   RO          658    i.UART2_SendData    usart.o
    0x08003b0c   0x08003b0c   0x0000001c   Code   RO          659    i.UART3_SendData    usart.o
    0x08003b28   0x08003b28   0x00000014   Code   RO         1578    i.UART_DMAAbortOnError  stm32f1xx_hal_uart.o
    0x08003b3c   0x08003b3c   0x00000020   Code   RO         1588    i.UART_EndRxTransfer  stm32f1xx_hal_uart.o
    0x08003b5c   0x08003b5c   0x00000020   Code   RO         1589    i.UART_EndTransmit_IT  stm32f1xx_hal_uart.o
    0x08003b7c   0x08003b7c   0x000000a0   Code   RO         1591    i.UART_Receive_IT   stm32f1xx_hal_uart.o
    0x08003c1c   0x08003c1c   0x000000fc   Code   RO         1592    i.UART_SetConfig    stm32f1xx_hal_uart.o
    0x08003d18   0x08003d18   0x00000060   Code   RO         1593    i.UART_Transmit_IT  stm32f1xx_hal_uart.o
    0x08003d78   0x08003d78   0x0000006c   Code   RO         1594    i.UART_WaitOnFlagUntilTimeout  stm32f1xx_hal_uart.o
    0x08003de4   0x08003de4   0x00000010   Code   RO          660    i.USART1_IRQHandler  usart.o
    0x08003df4   0x08003df4   0x00000010   Code   RO          661    i.USART2_IRQHandler  usart.o
    0x08003e04   0x08003e04   0x00000010   Code   RO          662    i.USART3_IRQHandler  usart.o
    0x08003e14   0x08003e14   0x00000004   Code   RO          342    i.UsageFault_Handler  stm32f1xx_it.o
    0x08003e18   0x08003e18   0x00000020   Code   RO         6141    i.__0printf$8       mc_w.l(printf8.o)
    0x08003e38   0x08003e38   0x00000028   Code   RO         6143    i.__0sprintf$8      mc_w.l(printf8.o)
    0x08003e60   0x08003e60   0x00000010   Code   RO          968    i.__NVIC_GetPriorityGrouping  stm32f1xx_hal_cortex.o
    0x08003e70   0x08003e70   0x00000028   Code   RO          969    i.__NVIC_SetPriority  stm32f1xx_hal_cortex.o
    0x08003e98   0x08003e98   0x00000008   Code   RO         6227    i.__aeabi_errno_addr  mc_w.l(errno.o)
    0x08003ea0   0x08003ea0   0x0000000e   Code   RO         6285    i.__scatterload_copy  mc_w.l(handlers.o)
    0x08003eae   0x08003eae   0x00000002   Code   RO         6286    i.__scatterload_null  mc_w.l(handlers.o)
    0x08003eb0   0x08003eb0   0x0000000e   Code   RO         6287    i.__scatterload_zeroinit  mc_w.l(handlers.o)
    0x08003ebe   0x08003ebe   0x00000002   PAD
    0x08003ec0   0x08003ec0   0x00000410   Code   RO         6148    i._printf_core      mc_w.l(printf8.o)
    0x080042d0   0x080042d0   0x00000024   Code   RO         6149    i._printf_post_padding  mc_w.l(printf8.o)
    0x080042f4   0x080042f4   0x0000002e   Code   RO         6150    i._printf_pre_padding  mc_w.l(printf8.o)
    0x08004322   0x08004322   0x0000000a   Code   RO         6152    i._sputc            mc_w.l(printf8.o)
    0x0800432c   0x0800432c   0x0000008a   Code   RO         4919    i.change_bitmap     ff.o
    0x080043b6   0x080043b6   0x00000002   PAD
    0x080043b8   0x080043b8   0x00000104   Code   RO         4920    i.check_fs          ff.o
    0x080044bc   0x080044bc   0x00000062   Code   RO         4921    i.clmt_clust        ff.o
    0x0800451e   0x0800451e   0x0000001a   Code   RO         4922    i.clst2sect         ff.o
    0x08004538   0x08004538   0x00000098   Code   RO         4923    i.cmp_lfn           ff.o
    0x080045d0   0x080045d0   0x000001cc   Code   RO         4924    i.create_chain      ff.o
    0x0800479c   0x0800479c   0x0000025c   Code   RO         4925    i.create_name       ff.o
    0x080049f8   0x080049f8   0x0000015a   Code   RO         4926    i.create_partition  ff.o
    0x08004b52   0x08004b52   0x00000090   Code   RO         4927    i.create_xdir       ff.o
    0x08004be2   0x08004be2   0x00000002   PAD
    0x08004be4   0x08004be4   0x00000034   Code   RO         4928    i.dbc_1st           ff.o
    0x08004c18   0x08004c18   0x00000048   Code   RO         4929    i.dbc_2nd           ff.o
    0x08004c60   0x08004c60   0x0000000c   Code   RO          538    i.delay_init        delay.o
    0x08004c6c   0x08004c6c   0x00000012   Code   RO          539    i.delay_ms          delay.o
    0x08004c7e   0x08004c7e   0x00000002   PAD
    0x08004c80   0x08004c80   0x00000048   Code   RO          540    i.delay_us          delay.o
    0x08004cc8   0x08004cc8   0x0000007c   Code   RO         4930    i.dir_alloc         ff.o
    0x08004d44   0x08004d44   0x000000c2   Code   RO         4931    i.dir_clear         ff.o
    0x08004e06   0x08004e06   0x000001a8   Code   RO         4932    i.dir_find          ff.o
    0x08004fae   0x08004fae   0x000000e0   Code   RO         4933    i.dir_next          ff.o
    0x0800508e   0x0800508e   0x00000102   Code   RO         4934    i.dir_read          ff.o
    0x08005190   0x08005190   0x0000022a   Code   RO         4935    i.dir_register      ff.o
    0x080053ba   0x080053ba   0x00000072   Code   RO         4936    i.dir_remove        ff.o
    0x0800542c   0x0800542c   0x000000aa   Code   RO         4937    i.dir_sdi           ff.o
    0x080054d6   0x080054d6   0x0000002c   Code   RO         4871    i.disk_initialize   diskio.o
    0x08005502   0x08005502   0x00000002   PAD
    0x08005504   0x08005504   0x000000b4   Code   RO         4872    i.disk_ioctl        diskio.o
    0x080055b8   0x080055b8   0x0000007e   Code   RO         4873    i.disk_read         diskio.o
    0x08005636   0x08005636   0x00000006   Code   RO         4874    i.disk_status       diskio.o
    0x0800563c   0x0800563c   0x0000007e   Code   RO         4875    i.disk_write        diskio.o
    0x080056ba   0x080056ba   0x0000004a   Code   RO         5442    i.exfuns_get_free   exfuns.o
    0x08005704   0x08005704   0x00000044   Code   RO         5444    i.exfuns_init       exfuns.o
    0x08005748   0x08005748   0x00000026   Code   RO         4938    i.f_close           ff.o
    0x0800576e   0x0800576e   0x00000018   Code   RO         4939    i.f_closedir        ff.o
    0x08005786   0x08005786   0x0000015c   Code   RO         4940    i.f_getfree         ff.o
    0x080058e2   0x080058e2   0x0000013c   Code   RO         4941    i.f_getlabel        ff.o
    0x08005a1e   0x08005a1e   0x00000050   Code   RO         4942    i.f_gets            ff.o
    0x08005a6e   0x08005a6e   0x00000456   Code   RO         4943    i.f_lseek           ff.o
    0x08005ec4   0x08005ec4   0x000001a2   Code   RO         4944    i.f_mkdir           ff.o
    0x08006066   0x08006066   0x00000002   PAD
    0x08006068   0x08006068   0x00000dfc   Code   RO         4945    i.f_mkfs            ff.o
    0x08006e64   0x08006e64   0x00000054   Code   RO         4946    i.f_mount           ff.o
    0x08006eb8   0x08006eb8   0x00000312   Code   RO         4947    i.f_open            ff.o
    0x080071ca   0x080071ca   0x000000b8   Code   RO         4948    i.f_opendir         ff.o
    0x08007282   0x08007282   0x00000022   Code   RO         4950    i.f_putc            ff.o
    0x080072a4   0x080072a4   0x0000002c   Code   RO         4951    i.f_puts            ff.o
    0x080072d0   0x080072d0   0x00000228   Code   RO         4952    i.f_read            ff.o
    0x080074f8   0x080074f8   0x00000070   Code   RO         4953    i.f_readdir         ff.o
    0x08007568   0x08007568   0x00000204   Code   RO         4954    i.f_rename          ff.o
    0x0800776c   0x0800776c   0x000001ec   Code   RO         4955    i.f_setlabel        ff.o
    0x08007958   0x08007958   0x000001a8   Code   RO         4957    i.f_sync            ff.o
    0x08007b00   0x08007b00   0x000000fc   Code   RO         4959    i.f_unlink          ff.o
    0x08007bfc   0x08007bfc   0x00000284   Code   RO         4960    i.f_write           ff.o
    0x08007e80   0x08007e80   0x0000000e   Code   RO         5372    i.ff_memalloc       ffsystem.o
    0x08007e8e   0x08007e8e   0x0000000e   Code   RO         5373    i.ff_memfree        ffsystem.o
    0x08007e9c   0x08007e9c   0x00000068   Code   RO         5405    i.ff_oem2uni        ffunicode.o
    0x08007f04   0x08007f04   0x00000074   Code   RO         5406    i.ff_uni2oem        ffunicode.o
    0x08007f78   0x08007f78   0x000000b0   Code   RO         5407    i.ff_wtoupper       ffunicode.o
    0x08008028   0x08008028   0x00000036   Code   RO         4961    i.fill_first_frag   ff.o
    0x0800805e   0x0800805e   0x00000044   Code   RO         4962    i.fill_last_frag    ff.o
    0x080080a2   0x080080a2   0x000000a4   Code   RO         4963    i.find_bitmap       ff.o
    0x08008146   0x08008146   0x00000078   Code   RO         4964    i.find_volume       ff.o
    0x080081be   0x080081be   0x000000c4   Code   RO         4965    i.follow_path       ff.o
    0x08008282   0x08008282   0x00000002   PAD
    0x08008284   0x08008284   0x0000001c   Code   RO          666    i.fputc             usart.o
    0x080082a0   0x080082a0   0x000000d4   Code   RO         4966    i.gen_numname       ff.o
    0x08008374   0x08008374   0x00000194   Code   RO         4967    i.get_fat           ff.o
    0x08008508   0x08008508   0x00000004   Code   RO         5374    i.get_fattime       ffsystem.o
    0x0800850c   0x0800850c   0x0000027a   Code   RO         4968    i.get_fileinfo      ff.o
    0x08008786   0x08008786   0x0000004e   Code   RO         4969    i.get_ldnumber      ff.o
    0x080087d4   0x080087d4   0x00000018   Code   RO         4579    i.get_sd_card_state  sdio_sdcard.o
    0x080087ec   0x080087ec   0x00000070   Code   RO           13    i.handle_KEY1_press  main.o
    0x0800885c   0x0800885c   0x00000032   Code   RO         4970    i.init_alloc_info   ff.o
    0x0800888e   0x0800888e   0x00000002   PAD
    0x08008890   0x08008890   0x000000b8   Code   RO         4285    i.key_init          key.o
    0x08008948   0x08008948   0x000000a0   Code   RO         4286    i.key_scan          key.o
    0x080089e8   0x080089e8   0x00000034   Code   RO         4317    i.lcd_clear         lcd.o
    0x08008a1c   0x08008a1c   0x0000016c   Code   RO         4319    i.lcd_display_dir   lcd.o
    0x08008b88   0x08008b88   0x00000020   Code   RO         4325    i.lcd_draw_point    lcd.o
    0x08008ba8   0x08008ba8   0x0000022c   Code   RO         4327    i.lcd_ex_ili9341_reginit  lcd.o
    0x08008dd4   0x08008dd4   0x00000340   Code   RO         4328    i.lcd_ex_ili9806_reginit  lcd.o
    0x08009114   0x08009114   0x00000ef2   Code   RO         4329    i.lcd_ex_nt35310_reginit  lcd.o
    0x0800a006   0x0800a006   0x00000efc   Code   RO         4330    i.lcd_ex_nt35510_reginit  lcd.o
    0x0800af02   0x0800af02   0x0000016e   Code   RO         4331    i.lcd_ex_ssd1963_reginit  lcd.o
    0x0800b070   0x0800b070   0x000001a8   Code   RO         4332    i.lcd_ex_st7789_reginit  lcd.o
    0x0800b218   0x0800b218   0x000001c6   Code   RO         4333    i.lcd_ex_st7796_reginit  lcd.o
    0x0800b3de   0x0800b3de   0x00000002   PAD
    0x0800b3e0   0x0800b3e0   0x00000054   Code   RO         4334    i.lcd_fill          lcd.o
    0x0800b434   0x0800b434   0x00000468   Code   RO         4336    i.lcd_init          lcd.o
    0x0800b89c   0x0800b89c   0x0000000c   Code   RO         4337    i.lcd_opt_delay     lcd.o
    0x0800b8a8   0x0800b8a8   0x00000016   Code   RO         4338    i.lcd_pow           lcd.o
    0x0800b8be   0x0800b8be   0x00000002   PAD
    0x0800b8c0   0x0800b8c0   0x00000018   Code   RO         4339    i.lcd_rd_data       lcd.o
    0x0800b8d8   0x0800b8d8   0x0000023c   Code   RO         4341    i.lcd_scan_dir      lcd.o
    0x0800bb14   0x0800bb14   0x00000120   Code   RO         4342    i.lcd_set_cursor    lcd.o
    0x0800bc34   0x0800bc34   0x00000140   Code   RO         4344    i.lcd_show_char     lcd.o
    0x0800bd74   0x0800bd74   0x00000098   Code   RO         4345    i.lcd_show_num      lcd.o
    0x0800be0c   0x0800be0c   0x0000006a   Code   RO         4346    i.lcd_show_string   lcd.o
    0x0800be76   0x0800be76   0x00000002   PAD
    0x0800be78   0x0800be78   0x00000054   Code   RO         4348    i.lcd_ssd_backlight_set  lcd.o
    0x0800becc   0x0800becc   0x00000018   Code   RO         4349    i.lcd_wr_data       lcd.o
    0x0800bee4   0x0800bee4   0x00000018   Code   RO         4350    i.lcd_wr_regno      lcd.o
    0x0800befc   0x0800befc   0x00000014   Code   RO         4351    i.lcd_write_ram_prepare  lcd.o
    0x0800bf10   0x0800bf10   0x00000010   Code   RO         4352    i.lcd_write_reg     lcd.o
    0x0800bf20   0x0800bf20   0x00000026   Code   RO         4971    i.ld_clust          ff.o
    0x0800bf46   0x0800bf46   0x00000018   Code   RO         4972    i.ld_dword          ff.o
    0x0800bf5e   0x0800bf5e   0x00000062   Code   RO         4973    i.ld_qword          ff.o
    0x0800bfc0   0x0800bfc0   0x0000000c   Code   RO         4974    i.ld_word           ff.o
    0x0800bfcc   0x0800bfcc   0x00000090   Code   RO         4261    i.led_init          led.o
    0x0800c05c   0x0800c05c   0x00000040   Code   RO         4975    i.load_obj_xdir     ff.o
    0x0800c09c   0x0800c09c   0x0000010e   Code   RO         4976    i.load_xdir         ff.o
    0x0800c1aa   0x0800c1aa   0x00000002   PAD
    0x0800c1ac   0x0800c1ac   0x00000668   Code   RO           14    i.main              main.o
    0x0800c814   0x0800c814   0x00000014   Code   RO         5516    i.mf_close          fattester.o
    0x0800c828   0x0800c828   0x00000010   Code   RO         5517    i.mf_closedir       fattester.o
    0x0800c838   0x0800c838   0x0000002c   Code   RO         5518    i.mf_fmkfs          fattester.o
    0x0800c864   0x0800c864   0x00000020   Code   RO         5519    i.mf_free           fattester.o
    0x0800c884   0x0800c884   0x00000084   Code   RO         5520    i.mf_getlabel       fattester.o
    0x0800c908   0x0800c908   0x00000048   Code   RO         5521    i.mf_gets           fattester.o
    0x0800c950   0x0800c950   0x00000040   Code   RO         5522    i.mf_init           fattester.o
    0x0800c990   0x0800c990   0x00000018   Code   RO         5523    i.mf_lseek          fattester.o
    0x0800c9a8   0x0800c9a8   0x0000000c   Code   RO         5524    i.mf_mkdir          fattester.o
    0x0800c9b4   0x0800c9b4   0x00000018   Code   RO         5525    i.mf_mount          fattester.o
    0x0800c9cc   0x0800c9cc   0x0000001c   Code   RO         5526    i.mf_open           fattester.o
    0x0800c9e8   0x0800c9e8   0x00000014   Code   RO         5527    i.mf_opendir        fattester.o
    0x0800c9fc   0x0800c9fc   0x00000018   Code   RO         5528    i.mf_putc           fattester.o
    0x0800ca14   0x0800ca14   0x00000018   Code   RO         5529    i.mf_puts           fattester.o
    0x0800ca2c   0x0800ca2c   0x0000015c   Code   RO         5530    i.mf_read           fattester.o
    0x0800cb88   0x0800cb88   0x00000274   Code   RO         5531    i.mf_readdir        fattester.o
    0x0800cdfc   0x0800cdfc   0x00000010   Code   RO         5532    i.mf_rename         fattester.o
    0x0800ce0c   0x0800ce0c   0x00000064   Code   RO         5533    i.mf_scan_files     fattester.o
    0x0800ce70   0x0800ce70   0x0000005c   Code   RO         5534    i.mf_setlabel       fattester.o
    0x0800cecc   0x0800cecc   0x000000a8   Code   RO         5535    i.mf_showfree       fattester.o
    0x0800cf74   0x0800cf74   0x0000000c   Code   RO         5536    i.mf_size           fattester.o
    0x0800cf80   0x0800cf80   0x0000000c   Code   RO         5537    i.mf_tell           fattester.o
    0x0800cf8c   0x0800cf8c   0x0000000c   Code   RO         5538    i.mf_unlink         fattester.o
    0x0800cf98   0x0800cf98   0x000000c4   Code   RO         5539    i.mf_write          fattester.o
    0x0800d05c   0x0800d05c   0x00000474   Code   RO         4977    i.mount_volume      ff.o
    0x0800d4d0   0x0800d4d0   0x00000034   Code   RO         4978    i.move_window       ff.o
    0x0800d504   0x0800d504   0x0000006c   Code   RO         4792    i.my_mem_free       malloc.o
    0x0800d570   0x0800d570   0x00000030   Code   RO         4793    i.my_mem_init       malloc.o
    0x0800d5a0   0x0800d5a0   0x000000a8   Code   RO         4794    i.my_mem_malloc     malloc.o
    0x0800d648   0x0800d648   0x00000040   Code   RO         4795    i.my_mem_perused    malloc.o
    0x0800d688   0x0800d688   0x00000014   Code   RO         4796    i.my_mem_set        malloc.o
    0x0800d69c   0x0800d69c   0x00000024   Code   RO         4797    i.myfree            malloc.o
    0x0800d6c0   0x0800d6c0   0x00000028   Code   RO         4798    i.mymalloc          malloc.o
    0x0800d6e8   0x0800d6e8   0x00000044   Code   RO         4696    i.norflash_erase_sector  norflash.o
    0x0800d72c   0x0800d72c   0x000000b8   Code   RO         4697    i.norflash_init     norflash.o
    0x0800d7e4   0x0800d7e4   0x00000050   Code   RO         4698    i.norflash_read     norflash.o
    0x0800d834   0x0800d834   0x00000050   Code   RO         4699    i.norflash_read_id  norflash.o
    0x0800d884   0x0800d884   0x0000005c   Code   RO         4700    i.norflash_read_sr  norflash.o
    0x0800d8e0   0x0800d8e0   0x00000034   Code   RO         4701    i.norflash_send_address  norflash.o
    0x0800d914   0x0800d914   0x00000014   Code   RO         4702    i.norflash_wait_busy  norflash.o
    0x0800d928   0x0800d928   0x000000b8   Code   RO         4703    i.norflash_write    norflash.o
    0x0800d9e0   0x0800d9e0   0x0000002c   Code   RO         4704    i.norflash_write_enable  norflash.o
    0x0800da0c   0x0800da0c   0x00000046   Code   RO         4705    i.norflash_write_nocheck  norflash.o
    0x0800da52   0x0800da52   0x00000002   PAD
    0x0800da54   0x0800da54   0x00000058   Code   RO         4706    i.norflash_write_page  norflash.o
    0x0800daac   0x0800daac   0x00000058   Code   RO         4707    i.norflash_write_sr  norflash.o
    0x0800db04   0x0800db04   0x0000008c   Code   RO         4979    i.pick_lfn          ff.o
    0x0800db90   0x0800db90   0x00000144   Code   RO         4980    i.put_fat           ff.o
    0x0800dcd4   0x0800dcd4   0x00000080   Code   RO         4981    i.put_lfn           ff.o
    0x0800dd54   0x0800dd54   0x00000042   Code   RO         4982    i.put_utf           ff.o
    0x0800dd96   0x0800dd96   0x00000044   Code   RO         4983    i.putc_bfd          ff.o
    0x0800ddda   0x0800ddda   0x0000002c   Code   RO         4984    i.putc_flush        ff.o
    0x0800de06   0x0800de06   0x00000012   Code   RO         4985    i.putc_init         ff.o
    0x0800de18   0x0800de18   0x00000006   Code   RO         5685    i.read_addr         usmart.o
    0x0800de1e   0x0800de1e   0x00000002   PAD
    0x0800de20   0x0800de20   0x00000070   Code   RO           15    i.read_file_count_from_sd  main.o
    0x0800de90   0x0800de90   0x0000014a   Code   RO         4986    i.remove_chain      ff.o
    0x0800dfda   0x0800dfda   0x00000002   PAD
    0x0800dfdc   0x0800dfdc   0x00000038   Code   RO         4580    i.sd_init           sdio_sdcard.o
    0x0800e014   0x0800e014   0x00000050   Code   RO         4581    i.sd_read_disk      sdio_sdcard.o
    0x0800e064   0x0800e064   0x00000050   Code   RO         4582    i.sd_write_disk     sdio_sdcard.o
    0x0800e0b4   0x0800e0b4   0x0000007c   Code   RO         4648    i.spi2_init         spi.o
    0x0800e130   0x0800e130   0x00000020   Code   RO         4649    i.spi2_read_write_byte  spi.o
    0x0800e150   0x0800e150   0x00000048   Code   RO         4650    i.spi2_set_speed    spi.o
    0x0800e198   0x0800e198   0x00000024   Code   RO         4987    i.st_clust          ff.o
    0x0800e1bc   0x0800e1bc   0x00000018   Code   RO         4988    i.st_dword          ff.o
    0x0800e1d4   0x0800e1d4   0x0000005c   Code   RO         4989    i.st_qword          ff.o
    0x0800e230   0x0800e230   0x0000000c   Code   RO         4990    i.st_word           ff.o
    0x0800e23c   0x0800e23c   0x00000072   Code   RO         4991    i.store_xdir        ff.o
    0x0800e2ae   0x0800e2ae   0x00000020   Code   RO         4992    i.sum_sfn           ff.o
    0x0800e2ce   0x0800e2ce   0x00000002   PAD
    0x0800e2d0   0x0800e2d0   0x0000008c   Code   RO         4993    i.sync_fs           ff.o
    0x0800e35c   0x0800e35c   0x0000004a   Code   RO         4994    i.sync_window       ff.o
    0x0800e3a6   0x0800e3a6   0x00000066   Code   RO          587    i.sys_stm32_clock_init  sys.o
    0x0800e40c   0x0800e40c   0x0000004c   Code   RO         4995    i.tchar2uni         ff.o
    0x0800e458   0x0800e458   0x00000060   Code   RO          667    i.uart2_init        usart.o
    0x0800e4b8   0x0800e4b8   0x00000060   Code   RO          668    i.uart3_init        usart.o
    0x0800e518   0x0800e518   0x0000007c   Code   RO           16    i.update_tds_display  main.o
    0x0800e594   0x0800e594   0x0000005c   Code   RO          669    i.usart_init        usart.o
    0x0800e5f0   0x0800e5f0   0x000000b0   Code   RO         5686    i.usmart_cmd_rec    usmart.o
    0x0800e6a0   0x0800e6a0   0x000002d4   Code   RO         5687    i.usmart_exe        usmart.o
    0x0800e974   0x0800e974   0x000000d4   Code   RO         5828    i.usmart_get_aparm  usmart_str.o
    0x0800ea48   0x0800ea48   0x00000036   Code   RO         5829    i.usmart_get_cmdname  usmart_str.o
    0x0800ea7e   0x0800ea7e   0x00000002   PAD
    0x0800ea80   0x0800ea80   0x000001c0   Code   RO         5830    i.usmart_get_fname  usmart_str.o
    0x0800ec40   0x0800ec40   0x0000010c   Code   RO         5831    i.usmart_get_fparam  usmart_str.o
    0x0800ed4c   0x0800ed4c   0x00000028   Code   RO         5778    i.usmart_get_input_string  usmart_port.o
    0x0800ed74   0x0800ed74   0x00000020   Code   RO         5832    i.usmart_get_parmpos  usmart_str.o
    0x0800ed94   0x0800ed94   0x00000028   Code   RO         5688    i.usmart_init       usmart.o
    0x0800edbc   0x0800edbc   0x00000016   Code   RO         5833    i.usmart_pow        usmart_str.o
    0x0800edd2   0x0800edd2   0x00000002   PAD
    0x0800edd4   0x0800edd4   0x000000a8   Code   RO         5689    i.usmart_scan       usmart.o
    0x0800ee7c   0x0800ee7c   0x00000016   Code   RO         5834    i.usmart_search_nextc  usmart_str.o
    0x0800ee92   0x0800ee92   0x00000106   Code   RO         5835    i.usmart_str2num    usmart_str.o
    0x0800ef98   0x0800ef98   0x00000022   Code   RO         5836    i.usmart_strcmp     usmart_str.o
    0x0800efba   0x0800efba   0x00000016   Code   RO         5837    i.usmart_strcopy    usmart_str.o
    0x0800efd0   0x0800efd0   0x00000018   Code   RO         5838    i.usmart_strlen     usmart_str.o
    0x0800efe8   0x0800efe8   0x000006f4   Code   RO         5690    i.usmart_sys_cmd_exe  usmart.o
    0x0800f6dc   0x0800f6dc   0x00000044   Code   RO         5779    i.usmart_timx_get_time  usmart_port.o
    0x0800f720   0x0800f720   0x00000060   Code   RO         5780    i.usmart_timx_init  usmart_port.o
    0x0800f780   0x0800f780   0x00000034   Code   RO         5781    i.usmart_timx_reset_time  usmart_port.o
    0x0800f7b4   0x0800f7b4   0x0000003c   Code   RO         4996    i.validate          ff.o
    0x0800f7f0   0x0800f7f0   0x00000004   Code   RO         5691    i.write_addr        usmart.o
    0x0800f7f4   0x0800f7f4   0x0000006c   Code   RO           17    i.write_file_count_to_sd  main.o
    0x0800f860   0x0800f860   0x0000003a   Code   RO         4997    i.xdir_sum          ff.o
    0x0800f89a   0x0800f89a   0x0000004c   Code   RO         4998    i.xname_sum         ff.o
    0x0800f8e6   0x0800f8e6   0x0000001a   Code   RO         4999    i.xsum32            ff.o
    0x0800f900   0x0800f900   0x00000018   Data   RO          299    .constdata          system_stm32f1xx.o
    0x0800f918   0x0800f918   0x00002f80   Data   RO         4354    .constdata          lcd.o
    0x08012898   0x08012898   0x00000018   Data   RO         4803    .constdata          malloc.o
    0x080128b0   0x080128b0   0x00000058   Data   RO         5000    .constdata          ff.o
    0x08012908   0x08012908   0x0002abb6   Data   RO         5408    .constdata          ffunicode.o
    0x0803d4be   0x0803d4be   0x00000002   PAD
    0x0803d4c0   0x0803d4c0   0x00000010   Data   RO         5541    .constdata          fattester.o
    0x0803d4d0   0x0803d4d0   0x00000081   Data   RO         6252    .constdata          mc_w.l(ctype_o.o)
    0x0803d551   0x0803d551   0x00000003   PAD
    0x0803d554   0x0803d554   0x00000004   Data   RO         6253    .constdata          mc_w.l(ctype_o.o)
    0x0803d558   0x0803d558   0x00000028   Data   RO         5692    .conststring        usmart.o
    0x0803d580   0x0803d580   0x0000038c   Data   RO         5752    .conststring        usmart_config.o
    0x0803d90c   0x0803d90c   0x00000020   Data   RO         6283    Region$$Table       anon$$obj.o


    Execution Region RW_IRAM1 (Exec base: 0x20000000, Load base: 0x0803d92c, Size: 0x0000c848, Max: 0x00010000, ABSOLUTE, COMPRESSED[0x00000100])

    Exec Addr    Load Addr    Size         Type   Attr      Idx    E Section Name        Object

    0x20000000   COMPRESSED   0x00000010   Data   RW           19    .data               main.o
    0x20000010   COMPRESSED   0x00000004   Data   RW          300    .data               system_stm32f1xx.o
    0x20000014   COMPRESSED   0x00000004   Data   RW          541    .data               delay.o
    0x20000018   COMPRESSED   0x00000028   Data   RW          671    .data               usart.o
    0x20000040   COMPRESSED   0x00000009   Data   RW          804    .data               stm32f1xx_hal.o
    0x20000049   COMPRESSED   0x00000001   Data   RW         4287    .data               key.o
    0x2000004a   COMPRESSED   0x00000002   PAD
    0x2000004c   COMPRESSED   0x00000008   Data   RW         4355    .data               lcd.o
    0x20000054   COMPRESSED   0x00000002   Data   RW         4709    .data               norflash.o
    0x20000056   COMPRESSED   0x00000002   PAD
    0x20000058   COMPRESSED   0x0000001c   Data   RW         4804    .data               malloc.o
    0x20000074   COMPRESSED   0x0000000a   Data   RW         5001    .data               ff.o
    0x2000007e   COMPRESSED   0x00000002   PAD
    0x20000080   COMPRESSED   0x00000008   Data   RW         5447    .data               exfuns.o
    0x20000088   COMPRESSED   0x0000001c   Data   RW         5693    .data               usmart.o
    0x200000a4   COMPRESSED   0x000001c4   Data   RW         5753    .data               usmart_config.o
    0x20000268   COMPRESSED   0x00000004   Data   RW         6230    .data               mc_w.l(errno.o)
    0x2000026c   COMPRESSED   0x00000004   PAD
    0x20000270        -       0x00000306   Zero   RW           18    .bss                main.o
    0x20000576   COMPRESSED   0x00000002   PAD
    0x20000578        -       0x000001b4   Zero   RW          670    .bss                usart.o
    0x2000072c        -       0x00000056   Zero   RW         4353    .bss                lcd.o
    0x20000782   COMPRESSED   0x00000002   PAD
    0x20000784        -       0x000000a4   Zero   RW         4583    .bss                sdio_sdcard.o
    0x20000828        -       0x00000058   Zero   RW         4651    .bss                spi.o
    0x20000880        -       0x00001000   Zero   RW         4708    .bss                norflash.o
    0x20001880        -       0x0000aa00   Zero   RW         4802    .bss                malloc.o
    0x2000c280        -       0x00000180   Zero   RW         5540    .bss                fattester.o
    0x2000c400        -       0x00000048   Zero   RW         5782    .bss                usmart_port.o
    0x2000c448        -       0x00000400   Zero   RW            1    STACK               startup_stm32f103xe.o



  Load Region LR$$.ARM.__AT_0x68000000 (Base: 0x68000000, Size: 0x00000000, Max: 0x00000020, ABSOLUTE)

    Execution Region ER$$.ARM.__AT_0x68000000 (Exec base: 0x68000000, Load base: 0x68000000, Size: 0x00000020, Max: 0x00000020, ABSOLUTE, UNINIT)

    Exec Addr    Load Addr    Size         Type   Attr      Idx    E Section Name        Object

    0x68000000        -       0x00000020   Zero   RW         4800    .ARM.__AT_0x68000000  malloc.o



  Load Region LR$$.ARM.__AT_0x68000020 (Base: 0x68000020, Size: 0x00000000, Max: 0x00000004, ABSOLUTE)

    Execution Region ER$$.ARM.__AT_0x68000020 (Exec base: 0x68000020, Load base: 0x68000020, Size: 0x00000004, Max: 0x00000004, ABSOLUTE, UNINIT)

    Exec Addr    Load Addr    Size         Type   Attr      Idx    E Section Name        Object

    0x68000020        -       0x00000002   Zero   RW         4801    .ARM.__AT_0x68000020  malloc.o


==============================================================================

Image component sizes


      Code (inc. data)   RO Data    RW Data    ZI Data      Debug   Object Name

       114         10          0          4          0       2367   delay.o
       482          4          0          0          0       5210   diskio.o
       142          4          0          8          0       2391   exfuns.o
      2120       1002         16          0        384      15318   fattester.o
     20068        218         88         10          0      89948   ff.o
        32          0          0          0          0       1577   ffsystem.o
       396         28     175030          0          0       5664   ffunicode.o
       344         24          0          1          0       1658   key.o
     13762        176      12160          8         86      26065   lcd.o
       144         12          0          0          0        911   led.o
      2096        718          0         16        774     532870   main.o
       484         54         24         28      43554       6239   malloc.o
      1050         54          0          2       4096       8200   norflash.o
       564         42          0          0        164       4315   sdio_sdcard.o
       404         34          0          0         88       2835   spi.o
        36          8        304          0       1024        920   startup_stm32f103xe.o
       154         32          0          9          0       6407   stm32f1xx_hal.o
       304         22          0          0          0      29471   stm32f1xx_hal_cortex.o
       424         10          0          0          0       1247   stm32f1xx_hal_dma.o
       880         40          0          0          0       3980   stm32f1xx_hal_gpio.o
      1784        110          0          0          0       6064   stm32f1xx_hal_rcc.o
      2494         26          0          0          0       9147   stm32f1xx_hal_sd.o
      1224          6          0          0          0       5239   stm32f1xx_hal_spi.o
       102          0          0          0          0       1212   stm32f1xx_hal_sram.o
       404         44          0          0          0       3136   stm32f1xx_hal_tim.o
      1480         10          0          0          0       9663   stm32f1xx_hal_uart.o
        32          0          0          0          0       3906   stm32f1xx_it.o
       254         10          0          0          0       3855   stm32f1xx_ll_fsmc.o
      1998         46          0          0          0      22064   stm32f1xx_ll_sdmmc.o
       102          0          0          0          0        715   sys.o
         2          0         24          4          0       1343   system_stm32f1xx.o
      1900        284          0         40        436      12967   usart.o
      2898       1308         40         28          0       5786   usmart.o
         0          0        908        452          0       1588   usmart_config.o
       324         50          0          0         72       3346   usmart_port.o
      1400         20          0          0          0       9061   usmart_str.o

    ----------------------------------------------------------------------
     60452       4406     188628        616      50684     846685   Object Totals
         0          0         32          0          0          0   (incl. Generated)
        54          0          2          6          6          0   (incl. Padding)

    ----------------------------------------------------------------------

      Code (inc. data)   RO Data    RW Data    ZI Data      Debug   Library Member Name

        86          0          0          0          0          0   __dczerorl2.o
        28          0          0          0          0         68   _chval.o
       158          0          0          0          0         92   _strtoul.o
        26          0          0          0          0         80   atoi.o
         8          4        133          0          0         68   ctype_o.o
         0          0          0          0          0          0   entry.o
         0          0          0          0          0          0   entry10a.o
         0          0          0          0          0          0   entry11a.o
         8          4          0          0          0          0   entry2.o
         4          0          0          0          0          0   entry5.o
         0          0          0          0          0          0   entry7b.o
         0          0          0          0          0          0   entry8b.o
         8          4          0          0          0          0   entry9a.o
         8          4          0          4          0         68   errno.o
        30          0          0          0          0          0   handlers.o
        36          8          0          0          0         68   init.o
         0          0          0          0          0          0   iusefp.o
        98          0          0          0          0         84   ldiv.o
        30          0          0          0          0         68   llshl.o
        32          0          0          0          0         68   llushr.o
        26          0          0          0          0         80   memcmp.o
        36          0          0          0          0         68   memcpya.o
        36          0          0          0          0        108   memseta.o
      1204         60          0          0          0        504   printf8.o
        20          0          0          0          0         68   strchr.o
        14          0          0          0          0         68   strlen.o
       112          0          0          0          0         88   strtol.o
        98          0          0          0          0         92   uldiv.o
        56          0          0          0          0         88   d2f.o
       222          0          0          0          0        100   ddiv.o
       186          0          0          0          0        176   depilogue.o
        50          0          0          0          0         76   dfixui.o
        26          0          0          0          0         76   dfltui.o
       228          0          0          0          0         96   dmul.o
       110          0          0          0          0        168   fepilogue.o

    ----------------------------------------------------------------------
      2988         84        136          4          4       2520   Library Totals
         4          0          3          0          4          0   (incl. Padding)

    ----------------------------------------------------------------------

      Code (inc. data)   RO Data    RW Data    ZI Data      Debug   Library Name

      2106         84        133          4          0       1740   mc_w.l
       878          0          0          0          0        780   mf_w.l

    ----------------------------------------------------------------------
      2988         84        136          4          4       2520   Library Totals

    ----------------------------------------------------------------------

==============================================================================


      Code (inc. data)   RO Data    RW Data    ZI Data      Debug   

     63440       4490     188764        620      50688     831965   Grand Totals
     63440       4490     188764        256      50688     831965   ELF Image Totals (compressed)
     63440       4490     188764        256          0          0   ROM Totals

==============================================================================

    Total RO  Size (Code + RO Data)               252204 ( 246.29kB)
    Total RW  Size (RW Data + ZI Data)             51308 (  50.11kB)
    Total ROM Size (Code + RO Data + RW Data)     252460 ( 246.54kB)

==============================================================================

